MPLINK 4.48, Linker
Linker Map File - Created Mon Jul 29 14:23:16 2019

                                 Section Info
                  Section       Type    Address   Location Size(Bytes)
                ---------  ---------  ---------  ---------  ---------
               _entry_scn       code   0x000000    program   0x000006
           .code___init.o       code   0x000006    program   0x000002
      InterruptVectorHigh       code   0x000008    program   0x000006
                   .cinit    romdata   0x00000e    program   0x00000e
             .code_Main.o       code   0x00001c    program   0x002e62
          .code_Bibliop.o       code   0x002e7e    program   0x0003aa
          .code_Affiche.o       code   0x003228    program   0x0001b6
          .code_i2crxtx.o       code   0x0033de    program   0x0000ee
          .romdata_Main.o    romdata   0x0034cc    program   0x0000a0
               _cinit_scn       code   0x00356c    program   0x00009e
            .code_delay.o       code   0x00360a    program   0x00005a
                     PROG       code   0x003664    program   0x00003c
             .stringtable    romdata   0x0036a0    program   0x000030
         .code_fxd1616u.o       code   0x0036d0    program   0x00002c
                    .code       code   0x0036fc    program   0x000020
             _startup_scn       code   0x00371c    program   0x00001c
              D10TCYXCODE       code   0x003738    program   0x000016
        .idata___init.o_i    romdata   0x00374e    program   0x000000
      .romdata_fxd1616u.o    romdata   0x00374e    program   0x000000
      .idata_fxd1616u.o_i    romdata   0x00374e    program   0x000000
        .romdata___init.o    romdata   0x00374e    program   0x000000
       .romdata_Affiche.o    romdata   0x00374e    program   0x000000
         .romdata_c018i.o    romdata   0x00374e    program   0x000000
       .romdata_i2crxtx.o    romdata   0x00374e    program   0x000000
       .idata_i2crxtx.o_i    romdata   0x00374e    program   0x000000
          .idata_Main.o_i    romdata   0x00374e    program   0x000065
         .romdata_delay.o    romdata   0x00374e    program   0x000000
         .idata_delay.o_i    romdata   0x00374e    program   0x000000
       .romdata_Bibliop.o    romdata   0x00374e    program   0x000000
         .idata_c018i.o_i    romdata   0x00374e    program   0x000000
       .idata_Affiche.o_i    romdata   0x0037b3    program   0x000000
       .idata_Bibliop.o_i    romdata   0x0037b3    program   0x000000
            .code_c018i.o       code   0x0037b4    program   0x000000
                MATH_DATA      udata   0x000000       data   0x000014
                 .tmpdata      udata   0x000014       data   0x000006
 InterruptHandlerHigh_tmp      udata   0x00001a       data   0x000004
            .idata_Main.o      idata   0x000060       data   0x000065
                   .stack      udata   0x000e00       data   0x000100
            .udata_Main.o      udata   0x000f00       data   0x000011
           .udata_c018i.o      udata   0x000f11       data   0x00000a
         .udata_Bibliop.o      udata   0x000f1b       data   0x000006
           .udata_delay.o      udata   0x000f21       data   0x000004
         .idata_Bibliop.o      idata   0x000f25       data   0x000000
           .idata_delay.o      idata   0x000f25       data   0x000000
         .udata_i2crxtx.o      udata   0x000f25       data   0x000000
         .idata_i2crxtx.o      idata   0x000f25       data   0x000000
         .udata_Affiche.o      udata   0x000f25       data   0x000000
         .idata_Affiche.o      idata   0x000f25       data   0x000000
        .udata_fxd1616u.o      udata   0x000f25       data   0x000000
        .idata_fxd1616u.o      idata   0x000f25       data   0x000000
          .udata___init.o      udata   0x000f25       data   0x000000
          .idata___init.o      idata   0x000f25       data   0x000000
           .idata_c018i.o      idata   0x000f25       data   0x000000
              SFR_BANKED0      udata   0x000f38       data   0x000028
            SFR_UNBANKED0      udata   0x000f60       data   0x0000a0



                              Program Memory Usage 
                               Start         End      
                           ---------   ---------      
                            0x000000    0x0037b2      
            14259 out of 66584 program addresses used, program memory utilization is 21%



                              Symbols - Sorted by Name
                     Name    Address   Location    Storage File                     
                ---------  ---------  ---------  --------- ---------                
         AfficheCaractere   0x003372    program     extern C:\Users\fbo-dev\Desktop\dossier leo\ZIP TILTECH 25-07-19\Affiche.c
               AfficheI2C   0x002caa    program     extern C:\Users\fbo-dev\Desktop\dossier leo\ZIP TILTECH 25-07-19\Main.c
           AfficheMessage   0x003304    program     extern C:\Users\fbo-dev\Desktop\dossier leo\ZIP TILTECH 25-07-19\Affiche.c
             AfficheTexte   0x002e0e    program     extern C:\Users\fbo-dev\Desktop\dossier leo\ZIP TILTECH 25-07-19\Main.c
    AjustePositionChariot   0x002b72    program     extern C:\Users\fbo-dev\Desktop\dossier leo\ZIP TILTECH 25-07-19\Main.c
              BipBipArret   0x002694    program     extern C:\Users\fbo-dev\Desktop\dossier leo\ZIP TILTECH 25-07-19\Main.c
  CalculDebitInjectionMax   0x002332    program     extern C:\Users\fbo-dev\Desktop\dossier leo\ZIP TILTECH 25-07-19\Main.c
       CalculFrequenceMax   0x002300    program     extern C:\Users\fbo-dev\Desktop\dossier leo\ZIP TILTECH 25-07-19\Main.c
CalculNbPulseQuantiteContinu   0x001e5e    program     extern C:\Users\fbo-dev\Desktop\dossier leo\ZIP TILTECH 25-07-19\Main.c
CalculNbPulseQuantiteRafale   0x0020c6    program     extern C:\Users\fbo-dev\Desktop\dossier leo\ZIP TILTECH 25-07-19\Main.c
CalculNbPulseQuantiteStandard   0x00206e    program     extern C:\Users\fbo-dev\Desktop\dossier leo\ZIP TILTECH 25-07-19\Main.c
      CalculProfondeurMax   0x00211a    program     extern C:\Users\fbo-dev\Desktop\dossier leo\ZIP TILTECH 25-07-19\Main.c
     CalculTempoFrequence   0x0022c0    program     extern C:\Users\fbo-dev\Desktop\dossier leo\ZIP TILTECH 25-07-19\Main.c
       CalculZeroAiguille   0x00227a    program     extern C:\Users\fbo-dev\Desktop\dossier leo\ZIP TILTECH 25-07-19\Main.c
           ClearAfficheur   0x0033c6    program     extern C:\Users\fbo-dev\Desktop\dossier leo\ZIP TILTECH 25-07-19\Affiche.c
           ConvIntDecimal   0x002f3c    program     extern C:\Users\fbo-dev\Desktop\dossier leo\ZIP TILTECH 25-07-19\Bibliop.c
                    D10_1   0x003748    program     static E:\c18v3.46\pic18-lt\cxx-framework\src\traditional\delays\d10tcyx.asm
                     D10x   0x003740    program     static E:\c18v3.46\pic18-lt\cxx-framework\src\traditional\delays\d10tcyx.asm
               Delay100Us   0x00361c    program     extern C:\Users\fbo-dev\Desktop\dossier leo\ZIP TILTECH 25-07-19\delay.c
              Delay10TCYx   0x003738    program     extern E:\c18v3.46\pic18-lt\cxx-framework\src\traditional\delays\d10tcyx.asm
                Delay10Us   0x00360a    program     extern C:\Users\fbo-dev\Desktop\dossier leo\ZIP TILTECH 25-07-19\delay.c
               Delay250Us   0x00362e    program     extern C:\Users\fbo-dev\Desktop\dossier leo\ZIP TILTECH 25-07-19\delay.c
                  DelayMs   0x003640    program     extern C:\Users\fbo-dev\Desktop\dossier leo\ZIP TILTECH 25-07-19\delay.c
       EcritureCharEeprom   0x002ece    program     extern C:\Users\fbo-dev\Desktop\dossier leo\ZIP TILTECH 25-07-19\Bibliop.c
          EcritureCharI2C   0x0030ec    program     extern C:\Users\fbo-dev\Desktop\dossier leo\ZIP TILTECH 25-07-19\Bibliop.c
     EcritureCmdAfficheur   0x0032c0    program     extern C:\Users\fbo-dev\Desktop\dossier leo\ZIP TILTECH 25-07-19\Affiche.c
             EcritureLeds   0x000976    program     extern C:\Users\fbo-dev\Desktop\dossier leo\ZIP TILTECH 25-07-19\Main.c
                 FXD1616U   0x0036d0    program     extern E:\c18v3.46\pic18-lt\cxx-framework\src\traditional\math\fxd1616u.c
                 FXM1616U   0x003664    program     extern E:\c18v3.46\pic18-lt\cxx-framework\src\traditional\math\fxm1616u.asm
    GestionDefautBatterie   0x0023a6    program     extern C:\Users\fbo-dev\Desktop\dossier leo\ZIP TILTECH 25-07-19\Main.c
     GestionDefautCourant   0x002364    program     extern C:\Users\fbo-dev\Desktop\dossier leo\ZIP TILTECH 25-07-19\Main.c
              GestionInit   0x00281c    program     extern C:\Users\fbo-dev\Desktop\dossier leo\ZIP TILTECH 25-07-19\Main.c
              GestionLeds   0x0011ee    program     extern C:\Users\fbo-dev\Desktop\dossier leo\ZIP TILTECH 25-07-19\Main.c
   GestionMenuModeContinu   0x000c0a    program     extern C:\Users\fbo-dev\Desktop\dossier leo\ZIP TILTECH 25-07-19\Main.c
GestionMenuModeMesoPerfusion   0x000f42    program     extern C:\Users\fbo-dev\Desktop\dossier leo\ZIP TILTECH 25-07-19\Main.c
    GestionMenuModeRafale   0x001024    program     extern C:\Users\fbo-dev\Desktop\dossier leo\ZIP TILTECH 25-07-19\Main.c
  GestionMenuModeStandard   0x000dc0    program     extern C:\Users\fbo-dev\Desktop\dossier leo\ZIP TILTECH 25-07-19\Main.c
 GestionMoteurModeContinu   0x00174a    program     extern C:\Users\fbo-dev\Desktop\dossier leo\ZIP TILTECH 25-07-19\Main.c
GestionMoteurModeMesoPerfusion   0x001ba6    program     extern C:\Users\fbo-dev\Desktop\dossier leo\ZIP TILTECH 25-07-19\Main.c
  GestionMoteurModeRafale   0x001c30    program     extern C:\Users\fbo-dev\Desktop\dossier leo\ZIP TILTECH 25-07-19\Main.c
GestionMoteurModeStandard   0x001996    program     extern C:\Users\fbo-dev\Desktop\dossier leo\ZIP TILTECH 25-07-19\Main.c
                 I2c_init   0x0033de    program     extern C:\Users\fbo-dev\Desktop\dossier leo\ZIP TILTECH 25-07-19\i2crxtx.c
                 I2c_read   0x003462    program     extern C:\Users\fbo-dev\Desktop\dossier leo\ZIP TILTECH 25-07-19\i2crxtx.c
             I2c_repStart   0x00341a    program     extern C:\Users\fbo-dev\Desktop\dossier leo\ZIP TILTECH 25-07-19\i2crxtx.c
                I2c_start   0x003414    program     extern C:\Users\fbo-dev\Desktop\dossier leo\ZIP TILTECH 25-07-19\i2crxtx.c
                 I2c_stop   0x0034b0    program     extern C:\Users\fbo-dev\Desktop\dossier leo\ZIP TILTECH 25-07-19\i2crxtx.c
          I2c_waitForIdle   0x0033f6    program     extern C:\Users\fbo-dev\Desktop\dossier leo\ZIP TILTECH 25-07-19\i2crxtx.c
                I2c_write   0x003436    program     extern C:\Users\fbo-dev\Desktop\dossier leo\ZIP TILTECH 25-07-19\i2crxtx.c
         InitDefaultValue   0x0013be    program     extern C:\Users\fbo-dev\Desktop\dossier leo\ZIP TILTECH 25-07-19\Main.c
            InitDemarrage   0x00159e    program     extern C:\Users\fbo-dev\Desktop\dossier leo\ZIP TILTECH 25-07-19\Main.c
                  InitLCD   0x003228    program     extern C:\Users\fbo-dev\Desktop\dossier leo\ZIP TILTECH 25-07-19\Affiche.c
          InitLedsClavier   0x00067a    program     extern C:\Users\fbo-dev\Desktop\dossier leo\ZIP TILTECH 25-07-19\Main.c
                  InitPIC   0x000608    program     extern C:\Users\fbo-dev\Desktop\dossier leo\ZIP TILTECH 25-07-19\Main.c
      InitPositionChariot   0x0029d4    program     extern C:\Users\fbo-dev\Desktop\dossier leo\ZIP TILTECH 25-07-19\Main.c
                IntRafale   0x0005c2    program     extern C:\Users\fbo-dev\Desktop\dossier leo\ZIP TILTECH 25-07-19\Main.c
     InterruptHandlerHigh   0x0001da    program     extern C:\Users\fbo-dev\Desktop\dossier leo\ZIP TILTECH 25-07-19\Main.c
      InterruptVectorHigh   0x000008    program     extern C:\Users\fbo-dev\Desktop\dossier leo\ZIP TILTECH 25-07-19\Main.c
   LectureBoutonPlusMoins   0x0023e2    program     extern C:\Users\fbo-dev\Desktop\dossier leo\ZIP TILTECH 25-07-19\Main.c
        LectureCharEeprom   0x002f04    program     extern C:\Users\fbo-dev\Desktop\dossier leo\ZIP TILTECH 25-07-19\Bibliop.c
           LectureCharI2C   0x003126    program     extern C:\Users\fbo-dev\Desktop\dossier leo\ZIP TILTECH 25-07-19\Bibliop.c
           LectureClavier   0x00087c    program     extern C:\Users\fbo-dev\Desktop\dossier leo\ZIP TILTECH 25-07-19\Main.c
           LectureMemoire   0x0026f8    program     extern C:\Users\fbo-dev\Desktop\dossier leo\ZIP TILTECH 25-07-19\Main.c
   LectureTensionBatterie   0x000a12    program     extern C:\Users\fbo-dev\Desktop\dossier leo\ZIP TILTECH 25-07-19\Main.c
         MesureAnalogique   0x002e7e    program     extern C:\Users\fbo-dev\Desktop\dossier leo\ZIP TILTECH 25-07-19\Bibliop.c
       MoteurChariotBrake   0x000be4    program     extern C:\Users\fbo-dev\Desktop\dossier leo\ZIP TILTECH 25-07-19\Main.c
      MoteurChariotFoward   0x000bac    program     extern C:\Users\fbo-dev\Desktop\dossier leo\ZIP TILTECH 25-07-19\Main.c
          MoteurChariotRL   0x000bfe    program     extern C:\Users\fbo-dev\Desktop\dossier leo\ZIP TILTECH 25-07-19\Main.c
     MoteurChariotReverse   0x000bc8    program     extern C:\Users\fbo-dev\Desktop\dossier leo\ZIP TILTECH 25-07-19\Main.c
      MoteurSeringueBrake   0x000b86    program     extern C:\Users\fbo-dev\Desktop\dossier leo\ZIP TILTECH 25-07-19\Main.c
     MoteurSeringueFoward   0x000b4c    program     extern C:\Users\fbo-dev\Desktop\dossier leo\ZIP TILTECH 25-07-19\Main.c
         MoteurSeringueRL   0x000ba0    program     extern C:\Users\fbo-dev\Desktop\dossier leo\ZIP TILTECH 25-07-19\Main.c
    MoteurSeringueReverse   0x000b6c    program     extern C:\Users\fbo-dev\Desktop\dossier leo\ZIP TILTECH 25-07-19\Main.c
          NbPulProContinu   0x0034d6    program     extern C:\Users\fbo-dev\Desktop\dossier leo\ZIP TILTECH 25-07-19\Main.c
           NbPulProRafale   0x00354e    program     extern C:\Users\fbo-dev\Desktop\dossier leo\ZIP TILTECH 25-07-19\Main.c
         NbPulProStandard   0x003512    program     extern C:\Users\fbo-dev\Desktop\dossier leo\ZIP TILTECH 25-07-19\Main.c
             NbPulseFrein   0x0034cc    program     extern C:\Users\fbo-dev\Desktop\dossier leo\ZIP TILTECH 25-07-19\Main.c
                  RAZLeds   0x001736    program     extern C:\Users\fbo-dev\Desktop\dossier leo\ZIP TILTECH 25-07-19\Main.c
             ReadMCP23017   0x0031bc    program     extern C:\Users\fbo-dev\Desktop\dossier leo\ZIP TILTECH 25-07-19\Bibliop.c
           RetourSeringue   0x0027f6    program     extern C:\Users\fbo-dev\Desktop\dossier leo\ZIP TILTECH 25-07-19\Main.c
        SauvegardeMemoire   0x002774    program     extern C:\Users\fbo-dev\Desktop\dossier leo\ZIP TILTECH 25-07-19\Main.c
          SetDdramAdresse   0x00339c    program     extern C:\Users\fbo-dev\Desktop\dossier leo\ZIP TILTECH 25-07-19\Affiche.c
         StopGoutteRafale   0x001dd6    program     extern C:\Users\fbo-dev\Desktop\dossier leo\ZIP TILTECH 25-07-19\Main.c
            WriteMCP23017   0x00317e    program     extern C:\Users\fbo-dev\Desktop\dossier leo\ZIP TILTECH 25-07-19\Bibliop.c
        _D10TCYXCODE_000A   0x003742    program     static E:\c18v3.46\pic18-lt\cxx-framework\src\traditional\delays\d10tcyx.asm
        _D10TCYXCODE_000C   0x003744    program     static E:\c18v3.46\pic18-lt\cxx-framework\src\traditional\delays\d10tcyx.asm
        _D10TCYXCODE_000E   0x003746    program     static E:\c18v3.46\pic18-lt\cxx-framework\src\traditional\delays\d10tcyx.asm
       ___case_0_lbl00004   0x0000a4    program     static                          
       ___case_1_lbl00005   0x0000c8    program     static                          
       ___case_1_lbl00037   0x0002f2    program     static                          
       ___case_2_lbl00011   0x00010c    program     static                          
       ___case_2_lbl00042   0x00032e    program     static                          
       ___case_3_lbl00017   0x000158    program     static                          
       ___case_3_lbl00059   0x0003e4    program     static                          
       ___case_4_lbl00021   0x000180    program     static                          
       ___case_4_lbl00048   0x000376    program     static                          
       ___case_5_lbl00028   0x0001c8    program     static                          
       ___case_5_lbl00063   0x000460    program     static                          
      ___default_lbl00029   0x0001ce    program     static                          
      ___default_lbl00064   0x000466    program     static                          
         ___else_lbl00051   0x000394    program     static                          
         ___else_lbl00067   0x000496    program     static                          
         ___else_lbl00073   0x0004d8    program     static                          
         ___else_lbl00080   0x000568    program     static                          
           ___if_lbl00006   0x0000d6    program     static                          
           ___if_lbl00007   0x0000f6    program     static                          
           ___if_lbl00008   0x0000f6    program     static                          
           ___if_lbl00010   0x000106    program     static                          
           ___if_lbl00012   0x00011a    program     static                          
           ___if_lbl00013   0x00013a    program     static                          
           ___if_lbl00014   0x00013a    program     static                          
           ___if_lbl00016   0x000152    program     static                          
           ___if_lbl00018   0x00016a    program     static                          
           ___if_lbl00020   0x00017a    program     static                          
           ___if_lbl00022   0x00018e    program     static                          
           ___if_lbl00023   0x0001a8    program     static                          
           ___if_lbl00024   0x0001a8    program     static                          
           ___if_lbl00025   0x0001b2    program     static                          
           ___if_lbl00027   0x0001c2    program     static                          
           ___if_lbl00030   0x0001d6    program     static                          
           ___if_lbl00033   0x0002b2    program     static                          
           ___if_lbl00034   0x0002c8    program     static                          
           ___if_lbl00035   0x0002d4    program     static                          
           ___if_lbl00040   0x000318    program     static                          
           ___if_lbl00041   0x00032c    program     static                          
           ___if_lbl00045   0x000354    program     static                          
           ___if_lbl00046   0x000368    program     static                          
           ___if_lbl00047   0x000374    program     static                          
           ___if_lbl00049   0x0003ae    program     static                          
           ___if_lbl00050   0x0003ae    program     static                          
           ___if_lbl00052   0x0003ae    program     static                          
           ___if_lbl00053   0x0003b6    program     static                          
           ___if_lbl00055   0x0003e2    program     static                          
           ___if_lbl00058   0x000418    program     static                          
           ___if_lbl00060   0x00042c    program     static                          
           ___if_lbl00061   0x000440    program     static                          
           ___if_lbl00062   0x00045e    program     static                          
           ___if_lbl00065   0x000486    program     static                          
           ___if_lbl00066   0x000498    program     static                          
           ___if_lbl00068   0x0004b0    program     static                          
           ___if_lbl00070   0x0004ce    program     static                          
           ___if_lbl00071   0x0004e2    program     static                          
           ___if_lbl00072   0x0004e2    program     static                          
           ___if_lbl00074   0x0004e4    program     static                          
           ___if_lbl00076   0x00054a    program     static                          
           ___if_lbl00077   0x00054a    program     static                          
           ___if_lbl00078   0x00054e    program     static                          
           ___if_lbl00079   0x000578    program     static                          
           ___if_lbl00081   0x00057a    program     static                          
           ___if_lbl00499   0x002812    program     static                          
       ___return_lbl00000   0x002ec6    program     static                          
       ___return_lbl00000   0x0001d8    program     static                          
       ___return_lbl00000   0x000004    program     static                          
       ___return_lbl00000   0x0036fa    program     static                          
       ___return_lbl00001   0x003736    program     static                          
       ___return_lbl00002   0x003608    program     static                          
       ___return_lbl00031   0x00000c    program     static                          
       ___return_lbl00032   0x00057a    program     static                          
       ___return_lbl00286   0x001994    program     static                          
       ___return_lbl00496   0x00281a    program     static                          
   ___switchexit_lbl00003   0x0001d4    program     static                          
   ___switchexit_lbl00036   0x000468    program     static                          
        ___while_lbl00001   0x002e9c    program     static                          
        ___while_lbl00001   0x000060    program     static                          
        ___while_lbl00002   0x002ea4    program     static                          
        ___while_lbl00002   0x0001d8    program     static                          
        ___while_lbl00287   0x001762    program     static                          
        ___while_lbl00288   0x00178c    program     static                          
        ___while_lbl00289   0x00178c    program     static                          
        ___while_lbl00290   0x0017b6    program     static                          
        ___while_lbl00291   0x0017d4    program     static                          
        ___while_lbl00292   0x001868    program     static                          
        ___while_lbl00293   0x0017e6    program     static                          
        ___while_lbl00294   0x001810    program     static                          
        ___while_lbl00295   0x001810    program     static                          
        ___while_lbl00296   0x00183a    program     static                          
        ___while_lbl00297   0x001854    program     static                          
        ___while_lbl00298   0x00185e    program     static                          
        ___while_lbl00299   0x00189a    program     static                          
        ___while_lbl00300   0x0018c4    program     static                          
        ___while_lbl00301   0x0018c4    program     static                          
        ___while_lbl00302   0x0018ee    program     static                          
        ___while_lbl00303   0x001916    program     static                          
        ___while_lbl00304   0x001940    program     static                          
        ___while_lbl00305   0x001940    program     static                          
        ___while_lbl00306   0x00196a    program     static                          
        ___while_lbl00497   0x0027f6    program     static                          
        ___while_lbl00498   0x002806    program     static                          
                   __init   0x000006    program     extern E:\c18v3.46\pic18-lt\cxx-framework\src\traditional\stdclib\__init.c
               __string_0   0x0036c4    program     static C:\Users\fbo-dev\Desktop\dossier leo\ZIP TILTECH 25-07-19\Main.c
               __string_1   0x0036b8    program     static C:\Users\fbo-dev\Desktop\dossier leo\ZIP TILTECH 25-07-19\Main.c
               __string_2   0x0036ac    program     static C:\Users\fbo-dev\Desktop\dossier leo\ZIP TILTECH 25-07-19\Main.c
               __string_3   0x0036a0    program     static C:\Users\fbo-dev\Desktop\dossier leo\ZIP TILTECH 25-07-19\Main.c
               __tmplbl_0   0x000102    program     static                          
               __tmplbl_1   0x0000fc    program     static                          
              __tmplbl_10   0x00030c    program     static                          
              __tmplbl_11   0x000306    program     static                          
              __tmplbl_12   0x000300    program     static                          
              __tmplbl_13   0x000348    program     static                          
              __tmplbl_14   0x000342    program     static                          
              __tmplbl_15   0x00033c    program     static                          
              __tmplbl_16   0x0003d2    program     static                          
              __tmplbl_17   0x0003cc    program     static                          
              __tmplbl_18   0x0003f6    program     static                          
              __tmplbl_19   0x0003f0    program     static                          
               __tmplbl_2   0x00014e    program     static                          
              __tmplbl_20   0x0003ea    program     static                          
              __tmplbl_21   0x000400    program     static                          
              __tmplbl_22   0x0003fc    program     static                          
              __tmplbl_23   0x0004c4    program     static                          
              __tmplbl_24   0x0004be    program     static                          
              __tmplbl_25   0x000518    program     static                          
              __tmplbl_26   0x000508    program     static                          
               __tmplbl_3   0x000148    program     static                          
               __tmplbl_4   0x000176    program     static                          
               __tmplbl_5   0x000170    program     static                          
               __tmplbl_6   0x0001be    program     static                          
               __tmplbl_7   0x0001b8    program     static                          
              __tmplbl_70   0x001772    program     static                          
              __tmplbl_71   0x00179c    program     static                          
              __tmplbl_72   0x0017f6    program     static                          
              __tmplbl_73   0x001820    program     static                          
              __tmplbl_74   0x0018aa    program     static                          
              __tmplbl_75   0x0018d4    program     static                          
              __tmplbl_76   0x001926    program     static                          
              __tmplbl_77   0x001950    program     static                          
               __tmplbl_8   0x00023a    program     static                          
               __tmplbl_9   0x000236    program     static                          
            __zero_memory   0x0036fc    program     extern E:\c18v3.46\pic18-lt\cxx-framework\src\traditional\proc\p18f46k22.asm
                _do_cinit   0x00356c    program     extern E:\c18v3.46\pic18-lt\cxx-framework\src\traditional\startup\c018i.c
                   _entry   0x000000    program     extern E:\c18v3.46\pic18-lt\cxx-framework\src\traditional\startup\c018i.c
                 _startup   0x00371c    program     extern E:\c18v3.46\pic18-lt\cxx-framework\src\traditional\startup\c018i.c
                compare_l   0x003712    program     static E:\c18v3.46\pic18-lt\cxx-framework\src\traditional\proc\p18f46k22.asm
                copy_loop   0x0035de    program     static                          
            copy_one_byte   0x0035e4    program     static                          
                     done   0x003608    program     static                          
             done_copying   0x0035f2    program     static                          
                  endloop   0x0036f6    program     static                          
                     loop   0x00372c    program     static                          
                     loop   0x0036da    program     static                          
                   loop_h   0x00370a    program     static E:\c18v3.46\pic18-lt\cxx-framework\src\traditional\proc\p18f46k22.asm
                   loop_l   0x003714    program     static E:\c18v3.46\pic18-lt\cxx-framework\src\traditional\proc\p18f46k22.asm
                     main   0x00001c    program     extern C:\Users\fbo-dev\Desktop\dossier leo\ZIP TILTECH 25-07-19\Main.c
                     test   0x003586    program     static                          
               zero_block   0x00370a    program     static E:\c18v3.46\pic18-lt\cxx-framework\src\traditional\proc\p18f46k22.asm
                   ADCON0   0x000fc2       data     extern E:\c18v3.46\pic18-lt\cxx-framework\src\traditional\proc\p18f46k22.asm
               ADCON0bits   0x000fc2       data     extern E:\c18v3.46\pic18-lt\cxx-framework\src\traditional\proc\p18f46k22.asm
                   ADCON1   0x000fc1       data     extern E:\c18v3.46\pic18-lt\cxx-framework\src\traditional\proc\p18f46k22.asm
               ADCON1bits   0x000fc1       data     extern E:\c18v3.46\pic18-lt\cxx-framework\src\traditional\proc\p18f46k22.asm
                   ADCON2   0x000fc0       data     extern E:\c18v3.46\pic18-lt\cxx-framework\src\traditional\proc\p18f46k22.asm
               ADCON2bits   0x000fc0       data     extern E:\c18v3.46\pic18-lt\cxx-framework\src\traditional\proc\p18f46k22.asm
                    ADRES   0x000fc3       data     extern E:\c18v3.46\pic18-lt\cxx-framework\src\traditional\proc\p18f46k22.asm
                   ADRESH   0x000fc4       data     extern E:\c18v3.46\pic18-lt\cxx-framework\src\traditional\proc\p18f46k22.asm
                   ADRESL   0x000fc3       data     extern E:\c18v3.46\pic18-lt\cxx-framework\src\traditional\proc\p18f46k22.asm
                   ANSELA   0x000f38       data     extern E:\c18v3.46\pic18-lt\cxx-framework\src\traditional\proc\p18f46k22.asm
               ANSELAbits   0x000f38       data     extern E:\c18v3.46\pic18-lt\cxx-framework\src\traditional\proc\p18f46k22.asm
                   ANSELB   0x000f39       data     extern E:\c18v3.46\pic18-lt\cxx-framework\src\traditional\proc\p18f46k22.asm
               ANSELBbits   0x000f39       data     extern E:\c18v3.46\pic18-lt\cxx-framework\src\traditional\proc\p18f46k22.asm
                   ANSELC   0x000f3a       data     extern E:\c18v3.46\pic18-lt\cxx-framework\src\traditional\proc\p18f46k22.asm
               ANSELCbits   0x000f3a       data     extern E:\c18v3.46\pic18-lt\cxx-framework\src\traditional\proc\p18f46k22.asm
                   ANSELD   0x000f3b       data     extern E:\c18v3.46\pic18-lt\cxx-framework\src\traditional\proc\p18f46k22.asm
               ANSELDbits   0x000f3b       data     extern E:\c18v3.46\pic18-lt\cxx-framework\src\traditional\proc\p18f46k22.asm
                   ANSELE   0x000f3c       data     extern E:\c18v3.46\pic18-lt\cxx-framework\src\traditional\proc\p18f46k22.asm
               ANSELEbits   0x000f3c       data     extern E:\c18v3.46\pic18-lt\cxx-framework\src\traditional\proc\p18f46k22.asm
                 BAUD1CON   0x000fb8       data     extern E:\c18v3.46\pic18-lt\cxx-framework\src\traditional\proc\p18f46k22.asm
             BAUD1CONbits   0x000fb8       data     extern E:\c18v3.46\pic18-lt\cxx-framework\src\traditional\proc\p18f46k22.asm
                 BAUD2CON   0x000f70       data     extern E:\c18v3.46\pic18-lt\cxx-framework\src\traditional\proc\p18f46k22.asm
             BAUD2CONbits   0x000f70       data     extern E:\c18v3.46\pic18-lt\cxx-framework\src\traditional\proc\p18f46k22.asm
                  BAUDCON   0x000fb8       data     extern E:\c18v3.46\pic18-lt\cxx-framework\src\traditional\proc\p18f46k22.asm
                 BAUDCON1   0x000fb8       data     extern E:\c18v3.46\pic18-lt\cxx-framework\src\traditional\proc\p18f46k22.asm
             BAUDCON1bits   0x000fb8       data     extern E:\c18v3.46\pic18-lt\cxx-framework\src\traditional\proc\p18f46k22.asm
                 BAUDCON2   0x000f70       data     extern E:\c18v3.46\pic18-lt\cxx-framework\src\traditional\proc\p18f46k22.asm
             BAUDCON2bits   0x000f70       data     extern E:\c18v3.46\pic18-lt\cxx-framework\src\traditional\proc\p18f46k22.asm
              BAUDCONbits   0x000fb8       data     extern E:\c18v3.46\pic18-lt\cxx-framework\src\traditional\proc\p18f46k22.asm
                  BAUDCTL   0x000fb8       data     extern E:\c18v3.46\pic18-lt\cxx-framework\src\traditional\proc\p18f46k22.asm
              BAUDCTLbits   0x000fb8       data     extern E:\c18v3.46\pic18-lt\cxx-framework\src\traditional\proc\p18f46k22.asm
                      BSR   0x000fe0       data     extern E:\c18v3.46\pic18-lt\cxx-framework\src\traditional\proc\p18f46k22.asm
                BaseTemps   0x00006c       data     extern C:\Users\fbo-dev\Desktop\dossier leo\ZIP TILTECH 25-07-19\Main.c
                      Bip   0x00006d       data     extern C:\Users\fbo-dev\Desktop\dossier leo\ZIP TILTECH 25-07-19\Main.c
                 Blink_1s   0x000070       data     extern C:\Users\fbo-dev\Desktop\dossier leo\ZIP TILTECH 25-07-19\Main.c
                  CCP1CON   0x000fbd       data     extern E:\c18v3.46\pic18-lt\cxx-framework\src\traditional\proc\p18f46k22.asm
              CCP1CONbits   0x000fbd       data     extern E:\c18v3.46\pic18-lt\cxx-framework\src\traditional\proc\p18f46k22.asm
                   CCP2AS   0x000f64       data     extern E:\c18v3.46\pic18-lt\cxx-framework\src\traditional\proc\p18f46k22.asm
               CCP2ASbits   0x000f64       data     extern E:\c18v3.46\pic18-lt\cxx-framework\src\traditional\proc\p18f46k22.asm
                  CCP2CON   0x000f66       data     extern E:\c18v3.46\pic18-lt\cxx-framework\src\traditional\proc\p18f46k22.asm
              CCP2CONbits   0x000f66       data     extern E:\c18v3.46\pic18-lt\cxx-framework\src\traditional\proc\p18f46k22.asm
                   CCP3AS   0x000f5b       data     extern E:\c18v3.46\pic18-lt\cxx-framework\src\traditional\proc\p18f46k22.asm
               CCP3ASbits   0x000f5b       data     extern E:\c18v3.46\pic18-lt\cxx-framework\src\traditional\proc\p18f46k22.asm
                  CCP3CON   0x000f5d       data     extern E:\c18v3.46\pic18-lt\cxx-framework\src\traditional\proc\p18f46k22.asm
              CCP3CONbits   0x000f5d       data     extern E:\c18v3.46\pic18-lt\cxx-framework\src\traditional\proc\p18f46k22.asm
                  CCP4CON   0x000f57       data     extern E:\c18v3.46\pic18-lt\cxx-framework\src\traditional\proc\p18f46k22.asm
              CCP4CONbits   0x000f57       data     extern E:\c18v3.46\pic18-lt\cxx-framework\src\traditional\proc\p18f46k22.asm
                  CCP5CON   0x000f54       data     extern E:\c18v3.46\pic18-lt\cxx-framework\src\traditional\proc\p18f46k22.asm
              CCP5CONbits   0x000f54       data     extern E:\c18v3.46\pic18-lt\cxx-framework\src\traditional\proc\p18f46k22.asm
                    CCPR1   0x000fbe       data     extern E:\c18v3.46\pic18-lt\cxx-framework\src\traditional\proc\p18f46k22.asm
                   CCPR1H   0x000fbf       data     extern E:\c18v3.46\pic18-lt\cxx-framework\src\traditional\proc\p18f46k22.asm
                   CCPR1L   0x000fbe       data     extern E:\c18v3.46\pic18-lt\cxx-framework\src\traditional\proc\p18f46k22.asm
                    CCPR2   0x000f67       data     extern E:\c18v3.46\pic18-lt\cxx-framework\src\traditional\proc\p18f46k22.asm
                   CCPR2H   0x000f68       data     extern E:\c18v3.46\pic18-lt\cxx-framework\src\traditional\proc\p18f46k22.asm
                   CCPR2L   0x000f67       data     extern E:\c18v3.46\pic18-lt\cxx-framework\src\traditional\proc\p18f46k22.asm
                    CCPR3   0x000f5e       data     extern E:\c18v3.46\pic18-lt\cxx-framework\src\traditional\proc\p18f46k22.asm
                   CCPR3H   0x000f5f       data     extern E:\c18v3.46\pic18-lt\cxx-framework\src\traditional\proc\p18f46k22.asm
                   CCPR3L   0x000f5e       data     extern E:\c18v3.46\pic18-lt\cxx-framework\src\traditional\proc\p18f46k22.asm
                    CCPR4   0x000f58       data     extern E:\c18v3.46\pic18-lt\cxx-framework\src\traditional\proc\p18f46k22.asm
                   CCPR4H   0x000f59       data     extern E:\c18v3.46\pic18-lt\cxx-framework\src\traditional\proc\p18f46k22.asm
                   CCPR4L   0x000f58       data     extern E:\c18v3.46\pic18-lt\cxx-framework\src\traditional\proc\p18f46k22.asm
                    CCPR5   0x000f55       data     extern E:\c18v3.46\pic18-lt\cxx-framework\src\traditional\proc\p18f46k22.asm
                   CCPR5H   0x000f56       data     extern E:\c18v3.46\pic18-lt\cxx-framework\src\traditional\proc\p18f46k22.asm
                   CCPR5L   0x000f55       data     extern E:\c18v3.46\pic18-lt\cxx-framework\src\traditional\proc\p18f46k22.asm
                 CCPTMRS0   0x000f49       data     extern E:\c18v3.46\pic18-lt\cxx-framework\src\traditional\proc\p18f46k22.asm
             CCPTMRS0bits   0x000f49       data     extern E:\c18v3.46\pic18-lt\cxx-framework\src\traditional\proc\p18f46k22.asm
                 CCPTMRS1   0x000f48       data     extern E:\c18v3.46\pic18-lt\cxx-framework\src\traditional\proc\p18f46k22.asm
             CCPTMRS1bits   0x000f48       data     extern E:\c18v3.46\pic18-lt\cxx-framework\src\traditional\proc\p18f46k22.asm
                  CM12CON   0x000f77       data     extern E:\c18v3.46\pic18-lt\cxx-framework\src\traditional\proc\p18f46k22.asm
              CM12CONbits   0x000f77       data     extern E:\c18v3.46\pic18-lt\cxx-framework\src\traditional\proc\p18f46k22.asm
                   CM1CON   0x000f79       data     extern E:\c18v3.46\pic18-lt\cxx-framework\src\traditional\proc\p18f46k22.asm
                  CM1CON0   0x000f79       data     extern E:\c18v3.46\pic18-lt\cxx-framework\src\traditional\proc\p18f46k22.asm
              CM1CON0bits   0x000f79       data     extern E:\c18v3.46\pic18-lt\cxx-framework\src\traditional\proc\p18f46k22.asm
               CM1CONbits   0x000f79       data     extern E:\c18v3.46\pic18-lt\cxx-framework\src\traditional\proc\p18f46k22.asm
                   CM2CON   0x000f78       data     extern E:\c18v3.46\pic18-lt\cxx-framework\src\traditional\proc\p18f46k22.asm
                  CM2CON0   0x000f78       data     extern E:\c18v3.46\pic18-lt\cxx-framework\src\traditional\proc\p18f46k22.asm
              CM2CON0bits   0x000f78       data     extern E:\c18v3.46\pic18-lt\cxx-framework\src\traditional\proc\p18f46k22.asm
                  CM2CON1   0x000f77       data     extern E:\c18v3.46\pic18-lt\cxx-framework\src\traditional\proc\p18f46k22.asm
              CM2CON1bits   0x000f77       data     extern E:\c18v3.46\pic18-lt\cxx-framework\src\traditional\proc\p18f46k22.asm
               CM2CONbits   0x000f78       data     extern E:\c18v3.46\pic18-lt\cxx-framework\src\traditional\proc\p18f46k22.asm
                 CTMUCON0   0x000f45       data     extern E:\c18v3.46\pic18-lt\cxx-framework\src\traditional\proc\p18f46k22.asm
             CTMUCON0bits   0x000f45       data     extern E:\c18v3.46\pic18-lt\cxx-framework\src\traditional\proc\p18f46k22.asm
                 CTMUCON1   0x000f44       data     extern E:\c18v3.46\pic18-lt\cxx-framework\src\traditional\proc\p18f46k22.asm
             CTMUCON1bits   0x000f44       data     extern E:\c18v3.46\pic18-lt\cxx-framework\src\traditional\proc\p18f46k22.asm
                 CTMUCONH   0x000f45       data     extern E:\c18v3.46\pic18-lt\cxx-framework\src\traditional\proc\p18f46k22.asm
             CTMUCONHbits   0x000f45       data     extern E:\c18v3.46\pic18-lt\cxx-framework\src\traditional\proc\p18f46k22.asm
                 CTMUCONL   0x000f44       data     extern E:\c18v3.46\pic18-lt\cxx-framework\src\traditional\proc\p18f46k22.asm
             CTMUCONLbits   0x000f44       data     extern E:\c18v3.46\pic18-lt\cxx-framework\src\traditional\proc\p18f46k22.asm
                 CTMUICON   0x000f43       data     extern E:\c18v3.46\pic18-lt\cxx-framework\src\traditional\proc\p18f46k22.asm
                CTMUICONH   0x000f43       data     extern E:\c18v3.46\pic18-lt\cxx-framework\src\traditional\proc\p18f46k22.asm
            CTMUICONHbits   0x000f43       data     extern E:\c18v3.46\pic18-lt\cxx-framework\src\traditional\proc\p18f46k22.asm
             CTMUICONbits   0x000f43       data     extern E:\c18v3.46\pic18-lt\cxx-framework\src\traditional\proc\p18f46k22.asm
                 Compteur   0x000079       data     extern C:\Users\fbo-dev\Desktop\dossier leo\ZIP TILTECH 25-07-19\Main.c
            CompteurCoups   0x000095       data     extern C:\Users\fbo-dev\Desktop\dossier leo\ZIP TILTECH 25-07-19\Main.c
          CompteurPulseCh   0x0000a3       data     extern C:\Users\fbo-dev\Desktop\dossier leo\ZIP TILTECH 25-07-19\Main.c
           CourantChariot   0x000081       data     extern C:\Users\fbo-dev\Desktop\dossier leo\ZIP TILTECH 25-07-19\Main.c
          CourantSeringue   0x00007f       data     extern C:\Users\fbo-dev\Desktop\dossier leo\ZIP TILTECH 25-07-19\Main.c
                  DACCON0   0x000f41       data     extern E:\c18v3.46\pic18-lt\cxx-framework\src\traditional\proc\p18f46k22.asm
              DACCON0bits   0x000f41       data     extern E:\c18v3.46\pic18-lt\cxx-framework\src\traditional\proc\p18f46k22.asm
                  DACCON1   0x000f40       data     extern E:\c18v3.46\pic18-lt\cxx-framework\src\traditional\proc\p18f46k22.asm
              DACCON1bits   0x000f40       data     extern E:\c18v3.46\pic18-lt\cxx-framework\src\traditional\proc\p18f46k22.asm
                     DDRA   0x000f92       data     extern E:\c18v3.46\pic18-lt\cxx-framework\src\traditional\proc\p18f46k22.asm
                 DDRAbits   0x000f92       data     extern E:\c18v3.46\pic18-lt\cxx-framework\src\traditional\proc\p18f46k22.asm
                     DDRB   0x000f93       data     extern E:\c18v3.46\pic18-lt\cxx-framework\src\traditional\proc\p18f46k22.asm
                 DDRBbits   0x000f93       data     extern E:\c18v3.46\pic18-lt\cxx-framework\src\traditional\proc\p18f46k22.asm
                     DDRC   0x000f94       data     extern E:\c18v3.46\pic18-lt\cxx-framework\src\traditional\proc\p18f46k22.asm
                 DDRCbits   0x000f94       data     extern E:\c18v3.46\pic18-lt\cxx-framework\src\traditional\proc\p18f46k22.asm
                     DDRD   0x000f95       data     extern E:\c18v3.46\pic18-lt\cxx-framework\src\traditional\proc\p18f46k22.asm
                 DDRDbits   0x000f95       data     extern E:\c18v3.46\pic18-lt\cxx-framework\src\traditional\proc\p18f46k22.asm
                     DDRE   0x000f96       data     extern E:\c18v3.46\pic18-lt\cxx-framework\src\traditional\proc\p18f46k22.asm
                 DDREbits   0x000f96       data     extern E:\c18v3.46\pic18-lt\cxx-framework\src\traditional\proc\p18f46k22.asm
        DebitInjectionMax   0x000090       data     extern C:\Users\fbo-dev\Desktop\dossier leo\ZIP TILTECH 25-07-19\Main.c
            DeclencheMeso   0x00006b       data     extern C:\Users\fbo-dev\Desktop\dossier leo\ZIP TILTECH 25-07-19\Main.c
                 DeriveCh   0x000f0d       data     static C:\Users\fbo-dev\Desktop\dossier leo\ZIP TILTECH 25-07-19\Main.c
                 DeriveCh   0x000f0b       data     static C:\Users\fbo-dev\Desktop\dossier leo\ZIP TILTECH 25-07-19\Main.c
           DeriveChRetour   0x000f0f       data     static C:\Users\fbo-dev\Desktop\dossier leo\ZIP TILTECH 25-07-19\Main.c
                  ECCP1AS   0x000fb6       data     extern E:\c18v3.46\pic18-lt\cxx-framework\src\traditional\proc\p18f46k22.asm
              ECCP1ASbits   0x000fb6       data     extern E:\c18v3.46\pic18-lt\cxx-framework\src\traditional\proc\p18f46k22.asm
                  ECCP2AS   0x000f64       data     extern E:\c18v3.46\pic18-lt\cxx-framework\src\traditional\proc\p18f46k22.asm
              ECCP2ASbits   0x000f64       data     extern E:\c18v3.46\pic18-lt\cxx-framework\src\traditional\proc\p18f46k22.asm
                  ECCP3AS   0x000f5b       data     extern E:\c18v3.46\pic18-lt\cxx-framework\src\traditional\proc\p18f46k22.asm
              ECCP3ASbits   0x000f5b       data     extern E:\c18v3.46\pic18-lt\cxx-framework\src\traditional\proc\p18f46k22.asm
                   ECCPAS   0x000fb6       data     extern E:\c18v3.46\pic18-lt\cxx-framework\src\traditional\proc\p18f46k22.asm
               ECCPASbits   0x000fb6       data     extern E:\c18v3.46\pic18-lt\cxx-framework\src\traditional\proc\p18f46k22.asm
                    EEADR   0x000fa9       data     extern E:\c18v3.46\pic18-lt\cxx-framework\src\traditional\proc\p18f46k22.asm
                   EEADRH   0x000faa       data     extern E:\c18v3.46\pic18-lt\cxx-framework\src\traditional\proc\p18f46k22.asm
               EEADRHbits   0x000faa       data     extern E:\c18v3.46\pic18-lt\cxx-framework\src\traditional\proc\p18f46k22.asm
                EEADRbits   0x000fa9       data     extern E:\c18v3.46\pic18-lt\cxx-framework\src\traditional\proc\p18f46k22.asm
                   EECON1   0x000fa6       data     extern E:\c18v3.46\pic18-lt\cxx-framework\src\traditional\proc\p18f46k22.asm
               EECON1bits   0x000fa6       data     extern E:\c18v3.46\pic18-lt\cxx-framework\src\traditional\proc\p18f46k22.asm
                   EECON2   0x000fa7       data     extern E:\c18v3.46\pic18-lt\cxx-framework\src\traditional\proc\p18f46k22.asm
                   EEDATA   0x000fa8       data     extern E:\c18v3.46\pic18-lt\cxx-framework\src\traditional\proc\p18f46k22.asm
                     Etat   0x000f02       data     extern C:\Users\fbo-dev\Desktop\dossier leo\ZIP TILTECH 25-07-19\Main.c
                     FSR0   0x000fe9       data     extern E:\c18v3.46\pic18-lt\cxx-framework\src\traditional\proc\p18f46k22.asm
                    FSR0H   0x000fea       data     extern E:\c18v3.46\pic18-lt\cxx-framework\src\traditional\proc\p18f46k22.asm
                    FSR0L   0x000fe9       data     extern E:\c18v3.46\pic18-lt\cxx-framework\src\traditional\proc\p18f46k22.asm
                     FSR1   0x000fe1       data     extern E:\c18v3.46\pic18-lt\cxx-framework\src\traditional\proc\p18f46k22.asm
                    FSR1H   0x000fe2       data     extern E:\c18v3.46\pic18-lt\cxx-framework\src\traditional\proc\p18f46k22.asm
                    FSR1L   0x000fe1       data     extern E:\c18v3.46\pic18-lt\cxx-framework\src\traditional\proc\p18f46k22.asm
                     FSR2   0x000fd9       data     extern E:\c18v3.46\pic18-lt\cxx-framework\src\traditional\proc\p18f46k22.asm
                    FSR2H   0x000fda       data     extern E:\c18v3.46\pic18-lt\cxx-framework\src\traditional\proc\p18f46k22.asm
                    FSR2L   0x000fd9       data     extern E:\c18v3.46\pic18-lt\cxx-framework\src\traditional\proc\p18f46k22.asm
                   FVRCON   0x000f42       data     extern E:\c18v3.46\pic18-lt\cxx-framework\src\traditional\proc\p18f46k22.asm
               FVRCONbits   0x000f42       data     extern E:\c18v3.46\pic18-lt\cxx-framework\src\traditional\proc\p18f46k22.asm
              FctGachette   0x000068       data     extern C:\Users\fbo-dev\Desktop\dossier leo\ZIP TILTECH 25-07-19\Main.c
          FctGachetteMeso   0x000067       data     extern C:\Users\fbo-dev\Desktop\dossier leo\ZIP TILTECH 25-07-19\Main.c
        FctGachetteRafale   0x00006a       data     extern C:\Users\fbo-dev\Desktop\dossier leo\ZIP TILTECH 25-07-19\Main.c
                    FlagA   0x0000b5       data     extern C:\Users\fbo-dev\Desktop\dossier leo\ZIP TILTECH 25-07-19\Main.c
           FlagCorrection   0x000094       data     extern C:\Users\fbo-dev\Desktop\dossier leo\ZIP TILTECH 25-07-19\Main.c
            FlagFinRafale   0x000084       data     extern C:\Users\fbo-dev\Desktop\dossier leo\ZIP TILTECH 25-07-19\Main.c
                 FlagHalt   0x0000b6       data     extern C:\Users\fbo-dev\Desktop\dossier leo\ZIP TILTECH 25-07-19\Main.c
                 FlagInit   0x00008a       data     extern C:\Users\fbo-dev\Desktop\dossier leo\ZIP TILTECH 25-07-19\Main.c
                 FlagPlus   0x000093       data     extern C:\Users\fbo-dev\Desktop\dossier leo\ZIP TILTECH 25-07-19\Main.c
        FlagRetourChariot   0x000096       data     extern C:\Users\fbo-dev\Desktop\dossier leo\ZIP TILTECH 25-07-19\Main.c
           FlagStopGoutte   0x000091       data     extern C:\Users\fbo-dev\Desktop\dossier leo\ZIP TILTECH 25-07-19\Main.c
           FlagSurcourant   0x000085       data     extern C:\Users\fbo-dev\Desktop\dossier leo\ZIP TILTECH 25-07-19\Main.c
             FrequenceMax   0x00008f       data     extern C:\Users\fbo-dev\Desktop\dossier leo\ZIP TILTECH 25-07-19\Main.c
                  HLVDCON   0x000f9c       data     extern E:\c18v3.46\pic18-lt\cxx-framework\src\traditional\proc\p18f46k22.asm
              HLVDCONbits   0x000f9c       data     extern E:\c18v3.46\pic18-lt\cxx-framework\src\traditional\proc\p18f46k22.asm
                    INDF0   0x000fef       data     extern E:\c18v3.46\pic18-lt\cxx-framework\src\traditional\proc\p18f46k22.asm
                    INDF1   0x000fe7       data     extern E:\c18v3.46\pic18-lt\cxx-framework\src\traditional\proc\p18f46k22.asm
                    INDF2   0x000fdf       data     extern E:\c18v3.46\pic18-lt\cxx-framework\src\traditional\proc\p18f46k22.asm
                   INTCON   0x000ff2       data     extern E:\c18v3.46\pic18-lt\cxx-framework\src\traditional\proc\p18f46k22.asm
                  INTCON2   0x000ff1       data     extern E:\c18v3.46\pic18-lt\cxx-framework\src\traditional\proc\p18f46k22.asm
              INTCON2bits   0x000ff1       data     extern E:\c18v3.46\pic18-lt\cxx-framework\src\traditional\proc\p18f46k22.asm
                  INTCON3   0x000ff0       data     extern E:\c18v3.46\pic18-lt\cxx-framework\src\traditional\proc\p18f46k22.asm
              INTCON3bits   0x000ff0       data     extern E:\c18v3.46\pic18-lt\cxx-framework\src\traditional\proc\p18f46k22.asm
               INTCONbits   0x000ff2       data     extern E:\c18v3.46\pic18-lt\cxx-framework\src\traditional\proc\p18f46k22.asm
                     IOCB   0x000f62       data     extern E:\c18v3.46\pic18-lt\cxx-framework\src\traditional\proc\p18f46k22.asm
                 IOCBbits   0x000f62       data     extern E:\c18v3.46\pic18-lt\cxx-framework\src\traditional\proc\p18f46k22.asm
                     IPR1   0x000f9f       data     extern E:\c18v3.46\pic18-lt\cxx-framework\src\traditional\proc\p18f46k22.asm
                 IPR1bits   0x000f9f       data     extern E:\c18v3.46\pic18-lt\cxx-framework\src\traditional\proc\p18f46k22.asm
                     IPR2   0x000fa2       data     extern E:\c18v3.46\pic18-lt\cxx-framework\src\traditional\proc\p18f46k22.asm
                 IPR2bits   0x000fa2       data     extern E:\c18v3.46\pic18-lt\cxx-framework\src\traditional\proc\p18f46k22.asm
                     IPR3   0x000fa5       data     extern E:\c18v3.46\pic18-lt\cxx-framework\src\traditional\proc\p18f46k22.asm
                 IPR3bits   0x000fa5       data     extern E:\c18v3.46\pic18-lt\cxx-framework\src\traditional\proc\p18f46k22.asm
                     IPR4   0x000f7c       data     extern E:\c18v3.46\pic18-lt\cxx-framework\src\traditional\proc\p18f46k22.asm
                 IPR4bits   0x000f7c       data     extern E:\c18v3.46\pic18-lt\cxx-framework\src\traditional\proc\p18f46k22.asm
                     IPR5   0x000f7f       data     extern E:\c18v3.46\pic18-lt\cxx-framework\src\traditional\proc\p18f46k22.asm
                 IPR5bits   0x000f7f       data     extern E:\c18v3.46\pic18-lt\cxx-framework\src\traditional\proc\p18f46k22.asm
                     LATA   0x000f89       data     extern E:\c18v3.46\pic18-lt\cxx-framework\src\traditional\proc\p18f46k22.asm
                 LATAbits   0x000f89       data     extern E:\c18v3.46\pic18-lt\cxx-framework\src\traditional\proc\p18f46k22.asm
                     LATB   0x000f8a       data     extern E:\c18v3.46\pic18-lt\cxx-framework\src\traditional\proc\p18f46k22.asm
                 LATBbits   0x000f8a       data     extern E:\c18v3.46\pic18-lt\cxx-framework\src\traditional\proc\p18f46k22.asm
                     LATC   0x000f8b       data     extern E:\c18v3.46\pic18-lt\cxx-framework\src\traditional\proc\p18f46k22.asm
                 LATCbits   0x000f8b       data     extern E:\c18v3.46\pic18-lt\cxx-framework\src\traditional\proc\p18f46k22.asm
                     LATD   0x000f8c       data     extern E:\c18v3.46\pic18-lt\cxx-framework\src\traditional\proc\p18f46k22.asm
                 LATDbits   0x000f8c       data     extern E:\c18v3.46\pic18-lt\cxx-framework\src\traditional\proc\p18f46k22.asm
                     LATE   0x000f8d       data     extern E:\c18v3.46\pic18-lt\cxx-framework\src\traditional\proc\p18f46k22.asm
                 LATEbits   0x000f8d       data     extern E:\c18v3.46\pic18-lt\cxx-framework\src\traditional\proc\p18f46k22.asm
                   LVDCON   0x000f9c       data     extern E:\c18v3.46\pic18-lt\cxx-framework\src\traditional\proc\p18f46k22.asm
               LVDCONbits   0x000f9c       data     extern E:\c18v3.46\pic18-lt\cxx-framework\src\traditional\proc\p18f46k22.asm
                   LedU1A   0x0000b7       data     extern C:\Users\fbo-dev\Desktop\dossier leo\ZIP TILTECH 25-07-19\Main.c
                   LedU1B   0x0000b8       data     extern C:\Users\fbo-dev\Desktop\dossier leo\ZIP TILTECH 25-07-19\Main.c
                   LedU2A   0x0000b9       data     extern C:\Users\fbo-dev\Desktop\dossier leo\ZIP TILTECH 25-07-19\Main.c
                   LedU2B   0x0000ba       data     extern C:\Users\fbo-dev\Desktop\dossier leo\ZIP TILTECH 25-07-19\Main.c
                   LedU3A   0x0000bb       data     extern C:\Users\fbo-dev\Desktop\dossier leo\ZIP TILTECH 25-07-19\Main.c
                   LedU3B   0x0000bc       data     extern C:\Users\fbo-dev\Desktop\dossier leo\ZIP TILTECH 25-07-19\Main.c
                   LedU4B   0x0000bd       data     extern C:\Users\fbo-dev\Desktop\dossier leo\ZIP TILTECH 25-07-19\Main.c
    Led_Touche_Profondeur   0x0000be       data     extern C:\Users\fbo-dev\Desktop\dossier leo\ZIP TILTECH 25-07-19\Main.c
              MaxAiguille   0x0000a5       data     extern C:\Users\fbo-dev\Desktop\dossier leo\ZIP TILTECH 25-07-19\Main.c
                     Menu   0x000060       data     extern C:\Users\fbo-dev\Desktop\dossier leo\ZIP TILTECH 25-07-19\Main.c
           MenuSauvegarde   0x000062       data     extern C:\Users\fbo-dev\Desktop\dossier leo\ZIP TILTECH 25-07-19\Main.c
                   NbChFW   0x0000a9       data     extern C:\Users\fbo-dev\Desktop\dossier leo\ZIP TILTECH 25-07-19\Main.c
                   NbChRW   0x0000ab       data     extern C:\Users\fbo-dev\Desktop\dossier leo\ZIP TILTECH 25-07-19\Main.c
                  NbPulse   0x0000bf       data     static C:\Users\fbo-dev\Desktop\dossier leo\ZIP TILTECH 25-07-19\Main.c
                  NbPulse   0x0000c3       data     static C:\Users\fbo-dev\Desktop\dossier leo\ZIP TILTECH 25-07-19\Main.c
                  NbPulse   0x0000c1       data     static C:\Users\fbo-dev\Desktop\dossier leo\ZIP TILTECH 25-07-19\Main.c
        NbPulseAntigoutte   0x00009b       data     extern C:\Users\fbo-dev\Desktop\dossier leo\ZIP TILTECH 25-07-19\Main.c
           NbPulseChariot   0x00009f       data     extern C:\Users\fbo-dev\Desktop\dossier leo\ZIP TILTECH 25-07-19\Main.c
        NbPulseProfondeur   0x0000a1       data     extern C:\Users\fbo-dev\Desktop\dossier leo\ZIP TILTECH 25-07-19\Main.c
 NbPulseQuantiteAInjecter   0x000099       data     extern C:\Users\fbo-dev\Desktop\dossier leo\ZIP TILTECH 25-07-19\Main.c
          NbPulseSeringue   0x000097       data     extern C:\Users\fbo-dev\Desktop\dossier leo\ZIP TILTECH 25-07-19\Main.c
       NbPulseSeringueABS   0x00009d       data     extern C:\Users\fbo-dev\Desktop\dossier leo\ZIP TILTECH 25-07-19\Main.c
                 NbRafale   0x0000b3       data     extern C:\Users\fbo-dev\Desktop\dossier leo\ZIP TILTECH 25-07-19\Main.c
                   NbSeFW   0x0000ad       data     extern C:\Users\fbo-dev\Desktop\dossier leo\ZIP TILTECH 25-07-19\Main.c
                  NbSeFW1   0x0000b1       data     extern C:\Users\fbo-dev\Desktop\dossier leo\ZIP TILTECH 25-07-19\Main.c
                   NbSeRW   0x0000af       data     extern C:\Users\fbo-dev\Desktop\dossier leo\ZIP TILTECH 25-07-19\Main.c
                   OSCCON   0x000fd3       data     extern E:\c18v3.46\pic18-lt\cxx-framework\src\traditional\proc\p18f46k22.asm
                  OSCCON2   0x000fd2       data     extern E:\c18v3.46\pic18-lt\cxx-framework\src\traditional\proc\p18f46k22.asm
              OSCCON2bits   0x000fd2       data     extern E:\c18v3.46\pic18-lt\cxx-framework\src\traditional\proc\p18f46k22.asm
               OSCCONbits   0x000fd3       data     extern E:\c18v3.46\pic18-lt\cxx-framework\src\traditional\proc\p18f46k22.asm
                  OSCTUNE   0x000f9b       data     extern E:\c18v3.46\pic18-lt\cxx-framework\src\traditional\proc\p18f46k22.asm
              OSCTUNEbits   0x000f9b       data     extern E:\c18v3.46\pic18-lt\cxx-framework\src\traditional\proc\p18f46k22.asm
              OldGachette   0x000069       data     extern C:\Users\fbo-dev\Desktop\dossier leo\ZIP TILTECH 25-07-19\Main.c
                  OldMenu   0x000061       data     extern C:\Users\fbo-dev\Desktop\dossier leo\ZIP TILTECH 25-07-19\Main.c
                OldMoins1   0x00008d       data     extern C:\Users\fbo-dev\Desktop\dossier leo\ZIP TILTECH 25-07-19\Main.c
                OldMoins2   0x00008e       data     extern C:\Users\fbo-dev\Desktop\dossier leo\ZIP TILTECH 25-07-19\Main.c
                 OldPlus1   0x00008b       data     extern C:\Users\fbo-dev\Desktop\dossier leo\ZIP TILTECH 25-07-19\Main.c
                 OldPlus2   0x00008c       data     extern C:\Users\fbo-dev\Desktop\dossier leo\ZIP TILTECH 25-07-19\Main.c
         OldValeurClavier   0x000076       data     extern C:\Users\fbo-dev\Desktop\dossier leo\ZIP TILTECH 25-07-19\Main.c
                       PC   0x000ff9       data     extern E:\c18v3.46\pic18-lt\cxx-framework\src\traditional\proc\p18f46k22.asm
                      PCL   0x000ff9       data     extern E:\c18v3.46\pic18-lt\cxx-framework\src\traditional\proc\p18f46k22.asm
                   PCLATH   0x000ffa       data     extern E:\c18v3.46\pic18-lt\cxx-framework\src\traditional\proc\p18f46k22.asm
                   PCLATU   0x000ffb       data     extern E:\c18v3.46\pic18-lt\cxx-framework\src\traditional\proc\p18f46k22.asm
                     PIE1   0x000f9d       data     extern E:\c18v3.46\pic18-lt\cxx-framework\src\traditional\proc\p18f46k22.asm
                 PIE1bits   0x000f9d       data     extern E:\c18v3.46\pic18-lt\cxx-framework\src\traditional\proc\p18f46k22.asm
                     PIE2   0x000fa0       data     extern E:\c18v3.46\pic18-lt\cxx-framework\src\traditional\proc\p18f46k22.asm
                 PIE2bits   0x000fa0       data     extern E:\c18v3.46\pic18-lt\cxx-framework\src\traditional\proc\p18f46k22.asm
                     PIE3   0x000fa3       data     extern E:\c18v3.46\pic18-lt\cxx-framework\src\traditional\proc\p18f46k22.asm
                 PIE3bits   0x000fa3       data     extern E:\c18v3.46\pic18-lt\cxx-framework\src\traditional\proc\p18f46k22.asm
                     PIE4   0x000f7a       data     extern E:\c18v3.46\pic18-lt\cxx-framework\src\traditional\proc\p18f46k22.asm
                 PIE4bits   0x000f7a       data     extern E:\c18v3.46\pic18-lt\cxx-framework\src\traditional\proc\p18f46k22.asm
                     PIE5   0x000f7d       data     extern E:\c18v3.46\pic18-lt\cxx-framework\src\traditional\proc\p18f46k22.asm
                 PIE5bits   0x000f7d       data     extern E:\c18v3.46\pic18-lt\cxx-framework\src\traditional\proc\p18f46k22.asm
                     PIR1   0x000f9e       data     extern E:\c18v3.46\pic18-lt\cxx-framework\src\traditional\proc\p18f46k22.asm
                 PIR1bits   0x000f9e       data     extern E:\c18v3.46\pic18-lt\cxx-framework\src\traditional\proc\p18f46k22.asm
                     PIR2   0x000fa1       data     extern E:\c18v3.46\pic18-lt\cxx-framework\src\traditional\proc\p18f46k22.asm
                 PIR2bits   0x000fa1       data     extern E:\c18v3.46\pic18-lt\cxx-framework\src\traditional\proc\p18f46k22.asm
                     PIR3   0x000fa4       data     extern E:\c18v3.46\pic18-lt\cxx-framework\src\traditional\proc\p18f46k22.asm
                 PIR3bits   0x000fa4       data     extern E:\c18v3.46\pic18-lt\cxx-framework\src\traditional\proc\p18f46k22.asm
                     PIR4   0x000f7b       data     extern E:\c18v3.46\pic18-lt\cxx-framework\src\traditional\proc\p18f46k22.asm
                 PIR4bits   0x000f7b       data     extern E:\c18v3.46\pic18-lt\cxx-framework\src\traditional\proc\p18f46k22.asm
                     PIR5   0x000f7e       data     extern E:\c18v3.46\pic18-lt\cxx-framework\src\traditional\proc\p18f46k22.asm
                 PIR5bits   0x000f7e       data     extern E:\c18v3.46\pic18-lt\cxx-framework\src\traditional\proc\p18f46k22.asm
                   PLUSW0   0x000feb       data     extern E:\c18v3.46\pic18-lt\cxx-framework\src\traditional\proc\p18f46k22.asm
                   PLUSW1   0x000fe3       data     extern E:\c18v3.46\pic18-lt\cxx-framework\src\traditional\proc\p18f46k22.asm
                   PLUSW2   0x000fdb       data     extern E:\c18v3.46\pic18-lt\cxx-framework\src\traditional\proc\p18f46k22.asm
                     PMD0   0x000f3f       data     extern E:\c18v3.46\pic18-lt\cxx-framework\src\traditional\proc\p18f46k22.asm
                 PMD0bits   0x000f3f       data     extern E:\c18v3.46\pic18-lt\cxx-framework\src\traditional\proc\p18f46k22.asm
                     PMD1   0x000f3e       data     extern E:\c18v3.46\pic18-lt\cxx-framework\src\traditional\proc\p18f46k22.asm
                 PMD1bits   0x000f3e       data     extern E:\c18v3.46\pic18-lt\cxx-framework\src\traditional\proc\p18f46k22.asm
                     PMD2   0x000f3d       data     extern E:\c18v3.46\pic18-lt\cxx-framework\src\traditional\proc\p18f46k22.asm
                 PMD2bits   0x000f3d       data     extern E:\c18v3.46\pic18-lt\cxx-framework\src\traditional\proc\p18f46k22.asm
                    PORTA   0x000f80       data     extern E:\c18v3.46\pic18-lt\cxx-framework\src\traditional\proc\p18f46k22.asm
                PORTAbits   0x000f80       data     extern E:\c18v3.46\pic18-lt\cxx-framework\src\traditional\proc\p18f46k22.asm
                    PORTB   0x000f81       data     extern E:\c18v3.46\pic18-lt\cxx-framework\src\traditional\proc\p18f46k22.asm
                PORTBbits   0x000f81       data     extern E:\c18v3.46\pic18-lt\cxx-framework\src\traditional\proc\p18f46k22.asm
                    PORTC   0x000f82       data     extern E:\c18v3.46\pic18-lt\cxx-framework\src\traditional\proc\p18f46k22.asm
                PORTCbits   0x000f82       data     extern E:\c18v3.46\pic18-lt\cxx-framework\src\traditional\proc\p18f46k22.asm
                    PORTD   0x000f83       data     extern E:\c18v3.46\pic18-lt\cxx-framework\src\traditional\proc\p18f46k22.asm
                PORTDbits   0x000f83       data     extern E:\c18v3.46\pic18-lt\cxx-framework\src\traditional\proc\p18f46k22.asm
                    PORTE   0x000f84       data     extern E:\c18v3.46\pic18-lt\cxx-framework\src\traditional\proc\p18f46k22.asm
                PORTEbits   0x000f84       data     extern E:\c18v3.46\pic18-lt\cxx-framework\src\traditional\proc\p18f46k22.asm
                 POSTDEC0   0x000fed       data     extern E:\c18v3.46\pic18-lt\cxx-framework\src\traditional\proc\p18f46k22.asm
                 POSTDEC1   0x000fe5       data     extern E:\c18v3.46\pic18-lt\cxx-framework\src\traditional\proc\p18f46k22.asm
                 POSTDEC2   0x000fdd       data     extern E:\c18v3.46\pic18-lt\cxx-framework\src\traditional\proc\p18f46k22.asm
                 POSTINC0   0x000fee       data     extern E:\c18v3.46\pic18-lt\cxx-framework\src\traditional\proc\p18f46k22.asm
                 POSTINC1   0x000fe6       data     extern E:\c18v3.46\pic18-lt\cxx-framework\src\traditional\proc\p18f46k22.asm
                 POSTINC2   0x000fde       data     extern E:\c18v3.46\pic18-lt\cxx-framework\src\traditional\proc\p18f46k22.asm
                      PR2   0x000fbb       data     extern E:\c18v3.46\pic18-lt\cxx-framework\src\traditional\proc\p18f46k22.asm
                      PR4   0x000f52       data     extern E:\c18v3.46\pic18-lt\cxx-framework\src\traditional\proc\p18f46k22.asm
                      PR6   0x000f4b       data     extern E:\c18v3.46\pic18-lt\cxx-framework\src\traditional\proc\p18f46k22.asm
                  PREINC0   0x000fec       data     extern E:\c18v3.46\pic18-lt\cxx-framework\src\traditional\proc\p18f46k22.asm
                  PREINC1   0x000fe4       data     extern E:\c18v3.46\pic18-lt\cxx-framework\src\traditional\proc\p18f46k22.asm
                  PREINC2   0x000fdc       data     extern E:\c18v3.46\pic18-lt\cxx-framework\src\traditional\proc\p18f46k22.asm
                     PROD   0x000ff3       data     extern E:\c18v3.46\pic18-lt\cxx-framework\src\traditional\proc\p18f46k22.asm
                    PRODH   0x000ff4       data     extern E:\c18v3.46\pic18-lt\cxx-framework\src\traditional\proc\p18f46k22.asm
                    PRODL   0x000ff3       data     extern E:\c18v3.46\pic18-lt\cxx-framework\src\traditional\proc\p18f46k22.asm
                 PSTR1CON   0x000fb9       data     extern E:\c18v3.46\pic18-lt\cxx-framework\src\traditional\proc\p18f46k22.asm
             PSTR1CONbits   0x000fb9       data     extern E:\c18v3.46\pic18-lt\cxx-framework\src\traditional\proc\p18f46k22.asm
                 PSTR2CON   0x000f63       data     extern E:\c18v3.46\pic18-lt\cxx-framework\src\traditional\proc\p18f46k22.asm
             PSTR2CONbits   0x000f63       data     extern E:\c18v3.46\pic18-lt\cxx-framework\src\traditional\proc\p18f46k22.asm
                 PSTR3CON   0x000f5a       data     extern E:\c18v3.46\pic18-lt\cxx-framework\src\traditional\proc\p18f46k22.asm
             PSTR3CONbits   0x000f5a       data     extern E:\c18v3.46\pic18-lt\cxx-framework\src\traditional\proc\p18f46k22.asm
                  PSTRCON   0x000fb9       data     extern E:\c18v3.46\pic18-lt\cxx-framework\src\traditional\proc\p18f46k22.asm
              PSTRCONbits   0x000fb9       data     extern E:\c18v3.46\pic18-lt\cxx-framework\src\traditional\proc\p18f46k22.asm
                  PWM1CON   0x000fb7       data     extern E:\c18v3.46\pic18-lt\cxx-framework\src\traditional\proc\p18f46k22.asm
              PWM1CONbits   0x000fb7       data     extern E:\c18v3.46\pic18-lt\cxx-framework\src\traditional\proc\p18f46k22.asm
                  PWM2CON   0x000f65       data     extern E:\c18v3.46\pic18-lt\cxx-framework\src\traditional\proc\p18f46k22.asm
              PWM2CONbits   0x000f65       data     extern E:\c18v3.46\pic18-lt\cxx-framework\src\traditional\proc\p18f46k22.asm
                  PWM3CON   0x000f5c       data     extern E:\c18v3.46\pic18-lt\cxx-framework\src\traditional\proc\p18f46k22.asm
              PWM3CONbits   0x000f5c       data     extern E:\c18v3.46\pic18-lt\cxx-framework\src\traditional\proc\p18f46k22.asm
                   PWMCON   0x000fb7       data     extern E:\c18v3.46\pic18-lt\cxx-framework\src\traditional\proc\p18f46k22.asm
               PWMCONbits   0x000fb7       data     extern E:\c18v3.46\pic18-lt\cxx-framework\src\traditional\proc\p18f46k22.asm
        PositionZAiguille   0x0000a7       data     extern C:\Users\fbo-dev\Desktop\dossier leo\ZIP TILTECH 25-07-19\Main.c
                   RC1REG   0x000fae       data     extern E:\c18v3.46\pic18-lt\cxx-framework\src\traditional\proc\p18f46k22.asm
               RC1REGbits   0x000fae       data     extern E:\c18v3.46\pic18-lt\cxx-framework\src\traditional\proc\p18f46k22.asm
                   RC1STA   0x000fab       data     extern E:\c18v3.46\pic18-lt\cxx-framework\src\traditional\proc\p18f46k22.asm
               RC1STAbits   0x000fab       data     extern E:\c18v3.46\pic18-lt\cxx-framework\src\traditional\proc\p18f46k22.asm
                   RC2REG   0x000f74       data     extern E:\c18v3.46\pic18-lt\cxx-framework\src\traditional\proc\p18f46k22.asm
                   RC2STA   0x000f71       data     extern E:\c18v3.46\pic18-lt\cxx-framework\src\traditional\proc\p18f46k22.asm
               RC2STAbits   0x000f71       data     extern E:\c18v3.46\pic18-lt\cxx-framework\src\traditional\proc\p18f46k22.asm
                     RCON   0x000fd0       data     extern E:\c18v3.46\pic18-lt\cxx-framework\src\traditional\proc\p18f46k22.asm
                 RCONbits   0x000fd0       data     extern E:\c18v3.46\pic18-lt\cxx-framework\src\traditional\proc\p18f46k22.asm
                    RCREG   0x000fae       data     extern E:\c18v3.46\pic18-lt\cxx-framework\src\traditional\proc\p18f46k22.asm
                   RCREG1   0x000fae       data     extern E:\c18v3.46\pic18-lt\cxx-framework\src\traditional\proc\p18f46k22.asm
               RCREG1bits   0x000fae       data     extern E:\c18v3.46\pic18-lt\cxx-framework\src\traditional\proc\p18f46k22.asm
                   RCREG2   0x000f74       data     extern E:\c18v3.46\pic18-lt\cxx-framework\src\traditional\proc\p18f46k22.asm
                RCREGbits   0x000fae       data     extern E:\c18v3.46\pic18-lt\cxx-framework\src\traditional\proc\p18f46k22.asm
                    RCSTA   0x000fab       data     extern E:\c18v3.46\pic18-lt\cxx-framework\src\traditional\proc\p18f46k22.asm
                   RCSTA1   0x000fab       data     extern E:\c18v3.46\pic18-lt\cxx-framework\src\traditional\proc\p18f46k22.asm
               RCSTA1bits   0x000fab       data     extern E:\c18v3.46\pic18-lt\cxx-framework\src\traditional\proc\p18f46k22.asm
                   RCSTA2   0x000f71       data     extern E:\c18v3.46\pic18-lt\cxx-framework\src\traditional\proc\p18f46k22.asm
               RCSTA2bits   0x000f71       data     extern E:\c18v3.46\pic18-lt\cxx-framework\src\traditional\proc\p18f46k22.asm
                RCSTAbits   0x000fab       data     extern E:\c18v3.46\pic18-lt\cxx-framework\src\traditional\proc\p18f46k22.asm
                     SIGN   0x000000       data     extern E:\c18v3.46\pic18-lt\cxx-framework\src\traditional\math\cmath18.asm
                   SLRCON   0x000f60       data     extern E:\c18v3.46\pic18-lt\cxx-framework\src\traditional\proc\p18f46k22.asm
               SLRCONbits   0x000f60       data     extern E:\c18v3.46\pic18-lt\cxx-framework\src\traditional\proc\p18f46k22.asm
                   SP1BRG   0x000faf       data     extern E:\c18v3.46\pic18-lt\cxx-framework\src\traditional\proc\p18f46k22.asm
                  SP1BRGH   0x000fb0       data     extern E:\c18v3.46\pic18-lt\cxx-framework\src\traditional\proc\p18f46k22.asm
              SP1BRGHbits   0x000fb0       data     extern E:\c18v3.46\pic18-lt\cxx-framework\src\traditional\proc\p18f46k22.asm
               SP1BRGbits   0x000faf       data     extern E:\c18v3.46\pic18-lt\cxx-framework\src\traditional\proc\p18f46k22.asm
                   SP2BRG   0x000f75       data     extern E:\c18v3.46\pic18-lt\cxx-framework\src\traditional\proc\p18f46k22.asm
                  SP2BRGH   0x000f76       data     extern E:\c18v3.46\pic18-lt\cxx-framework\src\traditional\proc\p18f46k22.asm
                    SPBRG   0x000faf       data     extern E:\c18v3.46\pic18-lt\cxx-framework\src\traditional\proc\p18f46k22.asm
                   SPBRG1   0x000faf       data     extern E:\c18v3.46\pic18-lt\cxx-framework\src\traditional\proc\p18f46k22.asm
               SPBRG1bits   0x000faf       data     extern E:\c18v3.46\pic18-lt\cxx-framework\src\traditional\proc\p18f46k22.asm
                   SPBRG2   0x000f75       data     extern E:\c18v3.46\pic18-lt\cxx-framework\src\traditional\proc\p18f46k22.asm
                   SPBRGH   0x000fb0       data     extern E:\c18v3.46\pic18-lt\cxx-framework\src\traditional\proc\p18f46k22.asm
                  SPBRGH1   0x000fb0       data     extern E:\c18v3.46\pic18-lt\cxx-framework\src\traditional\proc\p18f46k22.asm
              SPBRGH1bits   0x000fb0       data     extern E:\c18v3.46\pic18-lt\cxx-framework\src\traditional\proc\p18f46k22.asm
                  SPBRGH2   0x000f76       data     extern E:\c18v3.46\pic18-lt\cxx-framework\src\traditional\proc\p18f46k22.asm
               SPBRGHbits   0x000fb0       data     extern E:\c18v3.46\pic18-lt\cxx-framework\src\traditional\proc\p18f46k22.asm
                SPBRGbits   0x000faf       data     extern E:\c18v3.46\pic18-lt\cxx-framework\src\traditional\proc\p18f46k22.asm
                   SRCON0   0x000f47       data     extern E:\c18v3.46\pic18-lt\cxx-framework\src\traditional\proc\p18f46k22.asm
               SRCON0bits   0x000f47       data     extern E:\c18v3.46\pic18-lt\cxx-framework\src\traditional\proc\p18f46k22.asm
                   SRCON1   0x000f46       data     extern E:\c18v3.46\pic18-lt\cxx-framework\src\traditional\proc\p18f46k22.asm
               SRCON1bits   0x000f46       data     extern E:\c18v3.46\pic18-lt\cxx-framework\src\traditional\proc\p18f46k22.asm
                  SSP1ADD   0x000fc8       data     extern E:\c18v3.46\pic18-lt\cxx-framework\src\traditional\proc\p18f46k22.asm
              SSP1ADDbits   0x000fc8       data     extern E:\c18v3.46\pic18-lt\cxx-framework\src\traditional\proc\p18f46k22.asm
                  SSP1BUF   0x000fc9       data     extern E:\c18v3.46\pic18-lt\cxx-framework\src\traditional\proc\p18f46k22.asm
              SSP1BUFbits   0x000fc9       data     extern E:\c18v3.46\pic18-lt\cxx-framework\src\traditional\proc\p18f46k22.asm
                 SSP1CON1   0x000fc6       data     extern E:\c18v3.46\pic18-lt\cxx-framework\src\traditional\proc\p18f46k22.asm
             SSP1CON1bits   0x000fc6       data     extern E:\c18v3.46\pic18-lt\cxx-framework\src\traditional\proc\p18f46k22.asm
                 SSP1CON2   0x000fc5       data     extern E:\c18v3.46\pic18-lt\cxx-framework\src\traditional\proc\p18f46k22.asm
             SSP1CON2bits   0x000fc5       data     extern E:\c18v3.46\pic18-lt\cxx-framework\src\traditional\proc\p18f46k22.asm
                 SSP1CON3   0x000fcb       data     extern E:\c18v3.46\pic18-lt\cxx-framework\src\traditional\proc\p18f46k22.asm
             SSP1CON3bits   0x000fcb       data     extern E:\c18v3.46\pic18-lt\cxx-framework\src\traditional\proc\p18f46k22.asm
                  SSP1MSK   0x000fca       data     extern E:\c18v3.46\pic18-lt\cxx-framework\src\traditional\proc\p18f46k22.asm
              SSP1MSKbits   0x000fca       data     extern E:\c18v3.46\pic18-lt\cxx-framework\src\traditional\proc\p18f46k22.asm
                 SSP1STAT   0x000fc7       data     extern E:\c18v3.46\pic18-lt\cxx-framework\src\traditional\proc\p18f46k22.asm
             SSP1STATbits   0x000fc7       data     extern E:\c18v3.46\pic18-lt\cxx-framework\src\traditional\proc\p18f46k22.asm
                  SSP2ADD   0x000f6e       data     extern E:\c18v3.46\pic18-lt\cxx-framework\src\traditional\proc\p18f46k22.asm
                  SSP2BUF   0x000f6f       data     extern E:\c18v3.46\pic18-lt\cxx-framework\src\traditional\proc\p18f46k22.asm
                 SSP2CON1   0x000f6c       data     extern E:\c18v3.46\pic18-lt\cxx-framework\src\traditional\proc\p18f46k22.asm
             SSP2CON1bits   0x000f6c       data     extern E:\c18v3.46\pic18-lt\cxx-framework\src\traditional\proc\p18f46k22.asm
                 SSP2CON2   0x000f6b       data     extern E:\c18v3.46\pic18-lt\cxx-framework\src\traditional\proc\p18f46k22.asm
             SSP2CON2bits   0x000f6b       data     extern E:\c18v3.46\pic18-lt\cxx-framework\src\traditional\proc\p18f46k22.asm
                 SSP2CON3   0x000f69       data     extern E:\c18v3.46\pic18-lt\cxx-framework\src\traditional\proc\p18f46k22.asm
             SSP2CON3bits   0x000f69       data     extern E:\c18v3.46\pic18-lt\cxx-framework\src\traditional\proc\p18f46k22.asm
                  SSP2MSK   0x000f6a       data     extern E:\c18v3.46\pic18-lt\cxx-framework\src\traditional\proc\p18f46k22.asm
              SSP2MSKbits   0x000f6a       data     extern E:\c18v3.46\pic18-lt\cxx-framework\src\traditional\proc\p18f46k22.asm
                 SSP2STAT   0x000f6d       data     extern E:\c18v3.46\pic18-lt\cxx-framework\src\traditional\proc\p18f46k22.asm
             SSP2STATbits   0x000f6d       data     extern E:\c18v3.46\pic18-lt\cxx-framework\src\traditional\proc\p18f46k22.asm
                   SSPADD   0x000fc8       data     extern E:\c18v3.46\pic18-lt\cxx-framework\src\traditional\proc\p18f46k22.asm
               SSPADDbits   0x000fc8       data     extern E:\c18v3.46\pic18-lt\cxx-framework\src\traditional\proc\p18f46k22.asm
                   SSPBUF   0x000fc9       data     extern E:\c18v3.46\pic18-lt\cxx-framework\src\traditional\proc\p18f46k22.asm
               SSPBUFbits   0x000fc9       data     extern E:\c18v3.46\pic18-lt\cxx-framework\src\traditional\proc\p18f46k22.asm
                  SSPCON1   0x000fc6       data     extern E:\c18v3.46\pic18-lt\cxx-framework\src\traditional\proc\p18f46k22.asm
              SSPCON1bits   0x000fc6       data     extern E:\c18v3.46\pic18-lt\cxx-framework\src\traditional\proc\p18f46k22.asm
                  SSPCON2   0x000fc5       data     extern E:\c18v3.46\pic18-lt\cxx-framework\src\traditional\proc\p18f46k22.asm
              SSPCON2bits   0x000fc5       data     extern E:\c18v3.46\pic18-lt\cxx-framework\src\traditional\proc\p18f46k22.asm
                  SSPCON3   0x000fcb       data     extern E:\c18v3.46\pic18-lt\cxx-framework\src\traditional\proc\p18f46k22.asm
              SSPCON3bits   0x000fcb       data     extern E:\c18v3.46\pic18-lt\cxx-framework\src\traditional\proc\p18f46k22.asm
                   SSPMSK   0x000fca       data     extern E:\c18v3.46\pic18-lt\cxx-framework\src\traditional\proc\p18f46k22.asm
               SSPMSKbits   0x000fca       data     extern E:\c18v3.46\pic18-lt\cxx-framework\src\traditional\proc\p18f46k22.asm
                  SSPSTAT   0x000fc7       data     extern E:\c18v3.46\pic18-lt\cxx-framework\src\traditional\proc\p18f46k22.asm
[...]
                SPBRGbits   0x000faf       data     extern E:\c18v3.46\pic18-lt\cxx-framework\src\traditional\proc\p18f46k22.asm
               SP1BRGbits   0x000faf       data     extern E:\c18v3.46\pic18-lt\cxx-framework\src\traditional\proc\p18f46k22.asm
                   SP1BRG   0x000faf       data     extern E:\c18v3.46\pic18-lt\cxx-framework\src\traditional\proc\p18f46k22.asm
               SPBRGHbits   0x000fb0       data     extern E:\c18v3.46\pic18-lt\cxx-framework\src\traditional\proc\p18f46k22.asm
              SPBRGH1bits   0x000fb0       data     extern E:\c18v3.46\pic18-lt\cxx-framework\src\traditional\proc\p18f46k22.asm
                  SPBRGH1   0x000fb0       data     extern E:\c18v3.46\pic18-lt\cxx-framework\src\traditional\proc\p18f46k22.asm
                   SPBRGH   0x000fb0       data     extern E:\c18v3.46\pic18-lt\cxx-framework\src\traditional\proc\p18f46k22.asm
              SP1BRGHbits   0x000fb0       data     extern E:\c18v3.46\pic18-lt\cxx-framework\src\traditional\proc\p18f46k22.asm
                  SP1BRGH   0x000fb0       data     extern E:\c18v3.46\pic18-lt\cxx-framework\src\traditional\proc\p18f46k22.asm
                    T3CON   0x000fb1       data     extern E:\c18v3.46\pic18-lt\cxx-framework\src\traditional\proc\p18f46k22.asm
                T3CONbits   0x000fb1       data     extern E:\c18v3.46\pic18-lt\cxx-framework\src\traditional\proc\p18f46k22.asm
                    TMR3L   0x000fb2       data     extern E:\c18v3.46\pic18-lt\cxx-framework\src\traditional\proc\p18f46k22.asm
                    TMR3H   0x000fb3       data     extern E:\c18v3.46\pic18-lt\cxx-framework\src\traditional\proc\p18f46k22.asm
                   T3GCON   0x000fb4       data     extern E:\c18v3.46\pic18-lt\cxx-framework\src\traditional\proc\p18f46k22.asm
               T3GCONbits   0x000fb4       data     extern E:\c18v3.46\pic18-lt\cxx-framework\src\traditional\proc\p18f46k22.asm
               ECCPASbits   0x000fb6       data     extern E:\c18v3.46\pic18-lt\cxx-framework\src\traditional\proc\p18f46k22.asm
                   ECCPAS   0x000fb6       data     extern E:\c18v3.46\pic18-lt\cxx-framework\src\traditional\proc\p18f46k22.asm
              ECCP1ASbits   0x000fb6       data     extern E:\c18v3.46\pic18-lt\cxx-framework\src\traditional\proc\p18f46k22.asm
                  ECCP1AS   0x000fb6       data     extern E:\c18v3.46\pic18-lt\cxx-framework\src\traditional\proc\p18f46k22.asm
               PWMCONbits   0x000fb7       data     extern E:\c18v3.46\pic18-lt\cxx-framework\src\traditional\proc\p18f46k22.asm
                   PWMCON   0x000fb7       data     extern E:\c18v3.46\pic18-lt\cxx-framework\src\traditional\proc\p18f46k22.asm
              PWM1CONbits   0x000fb7       data     extern E:\c18v3.46\pic18-lt\cxx-framework\src\traditional\proc\p18f46k22.asm
                  PWM1CON   0x000fb7       data     extern E:\c18v3.46\pic18-lt\cxx-framework\src\traditional\proc\p18f46k22.asm
                 BAUD1CON   0x000fb8       data     extern E:\c18v3.46\pic18-lt\cxx-framework\src\traditional\proc\p18f46k22.asm
             BAUD1CONbits   0x000fb8       data     extern E:\c18v3.46\pic18-lt\cxx-framework\src\traditional\proc\p18f46k22.asm
                  BAUDCON   0x000fb8       data     extern E:\c18v3.46\pic18-lt\cxx-framework\src\traditional\proc\p18f46k22.asm
                 BAUDCON1   0x000fb8       data     extern E:\c18v3.46\pic18-lt\cxx-framework\src\traditional\proc\p18f46k22.asm
             BAUDCON1bits   0x000fb8       data     extern E:\c18v3.46\pic18-lt\cxx-framework\src\traditional\proc\p18f46k22.asm
              BAUDCONbits   0x000fb8       data     extern E:\c18v3.46\pic18-lt\cxx-framework\src\traditional\proc\p18f46k22.asm
                  BAUDCTL   0x000fb8       data     extern E:\c18v3.46\pic18-lt\cxx-framework\src\traditional\proc\p18f46k22.asm
              BAUDCTLbits   0x000fb8       data     extern E:\c18v3.46\pic18-lt\cxx-framework\src\traditional\proc\p18f46k22.asm
                 PSTR1CON   0x000fb9       data     extern E:\c18v3.46\pic18-lt\cxx-framework\src\traditional\proc\p18f46k22.asm
             PSTR1CONbits   0x000fb9       data     extern E:\c18v3.46\pic18-lt\cxx-framework\src\traditional\proc\p18f46k22.asm
                  PSTRCON   0x000fb9       data     extern E:\c18v3.46\pic18-lt\cxx-framework\src\traditional\proc\p18f46k22.asm
              PSTRCONbits   0x000fb9       data     extern E:\c18v3.46\pic18-lt\cxx-framework\src\traditional\proc\p18f46k22.asm
                T2CONbits   0x000fba       data     extern E:\c18v3.46\pic18-lt\cxx-framework\src\traditional\proc\p18f46k22.asm
                    T2CON   0x000fba       data     extern E:\c18v3.46\pic18-lt\cxx-framework\src\traditional\proc\p18f46k22.asm
                      PR2   0x000fbb       data     extern E:\c18v3.46\pic18-lt\cxx-framework\src\traditional\proc\p18f46k22.asm
                     TMR2   0x000fbc       data     extern E:\c18v3.46\pic18-lt\cxx-framework\src\traditional\proc\p18f46k22.asm
                  CCP1CON   0x000fbd       data     extern E:\c18v3.46\pic18-lt\cxx-framework\src\traditional\proc\p18f46k22.asm
              CCP1CONbits   0x000fbd       data     extern E:\c18v3.46\pic18-lt\cxx-framework\src\traditional\proc\p18f46k22.asm
                    CCPR1   0x000fbe       data     extern E:\c18v3.46\pic18-lt\cxx-framework\src\traditional\proc\p18f46k22.asm
                   CCPR1L   0x000fbe       data     extern E:\c18v3.46\pic18-lt\cxx-framework\src\traditional\proc\p18f46k22.asm
                   CCPR1H   0x000fbf       data     extern E:\c18v3.46\pic18-lt\cxx-framework\src\traditional\proc\p18f46k22.asm
               ADCON2bits   0x000fc0       data     extern E:\c18v3.46\pic18-lt\cxx-framework\src\traditional\proc\p18f46k22.asm
                   ADCON2   0x000fc0       data     extern E:\c18v3.46\pic18-lt\cxx-framework\src\traditional\proc\p18f46k22.asm
               ADCON1bits   0x000fc1       data     extern E:\c18v3.46\pic18-lt\cxx-framework\src\traditional\proc\p18f46k22.asm
                   ADCON1   0x000fc1       data     extern E:\c18v3.46\pic18-lt\cxx-framework\src\traditional\proc\p18f46k22.asm
               ADCON0bits   0x000fc2       data     extern E:\c18v3.46\pic18-lt\cxx-framework\src\traditional\proc\p18f46k22.asm
                   ADCON0   0x000fc2       data     extern E:\c18v3.46\pic18-lt\cxx-framework\src\traditional\proc\p18f46k22.asm
                    ADRES   0x000fc3       data     extern E:\c18v3.46\pic18-lt\cxx-framework\src\traditional\proc\p18f46k22.asm
                   ADRESL   0x000fc3       data     extern E:\c18v3.46\pic18-lt\cxx-framework\src\traditional\proc\p18f46k22.asm
                   ADRESH   0x000fc4       data     extern E:\c18v3.46\pic18-lt\cxx-framework\src\traditional\proc\p18f46k22.asm
                 SSP1CON2   0x000fc5       data     extern E:\c18v3.46\pic18-lt\cxx-framework\src\traditional\proc\p18f46k22.asm
             SSP1CON2bits   0x000fc5       data     extern E:\c18v3.46\pic18-lt\cxx-framework\src\traditional\proc\p18f46k22.asm
                  SSPCON2   0x000fc5       data     extern E:\c18v3.46\pic18-lt\cxx-framework\src\traditional\proc\p18f46k22.asm
              SSPCON2bits   0x000fc5       data     extern E:\c18v3.46\pic18-lt\cxx-framework\src\traditional\proc\p18f46k22.asm
             SSP1CON1bits   0x000fc6       data     extern E:\c18v3.46\pic18-lt\cxx-framework\src\traditional\proc\p18f46k22.asm
                 SSP1CON1   0x000fc6       data     extern E:\c18v3.46\pic18-lt\cxx-framework\src\traditional\proc\p18f46k22.asm
                  SSPCON1   0x000fc6       data     extern E:\c18v3.46\pic18-lt\cxx-framework\src\traditional\proc\p18f46k22.asm
              SSPCON1bits   0x000fc6       data     extern E:\c18v3.46\pic18-lt\cxx-framework\src\traditional\proc\p18f46k22.asm
             SSP1STATbits   0x000fc7       data     extern E:\c18v3.46\pic18-lt\cxx-framework\src\traditional\proc\p18f46k22.asm
                 SSP1STAT   0x000fc7       data     extern E:\c18v3.46\pic18-lt\cxx-framework\src\traditional\proc\p18f46k22.asm
              SSPSTATbits   0x000fc7       data     extern E:\c18v3.46\pic18-lt\cxx-framework\src\traditional\proc\p18f46k22.asm
                  SSPSTAT   0x000fc7       data     extern E:\c18v3.46\pic18-lt\cxx-framework\src\traditional\proc\p18f46k22.asm
              SSP1ADDbits   0x000fc8       data     extern E:\c18v3.46\pic18-lt\cxx-framework\src\traditional\proc\p18f46k22.asm
                  SSP1ADD   0x000fc8       data     extern E:\c18v3.46\pic18-lt\cxx-framework\src\traditional\proc\p18f46k22.asm
                   SSPADD   0x000fc8       data     extern E:\c18v3.46\pic18-lt\cxx-framework\src\traditional\proc\p18f46k22.asm
               SSPADDbits   0x000fc8       data     extern E:\c18v3.46\pic18-lt\cxx-framework\src\traditional\proc\p18f46k22.asm
               SSPBUFbits   0x000fc9       data     extern E:\c18v3.46\pic18-lt\cxx-framework\src\traditional\proc\p18f46k22.asm
                   SSPBUF   0x000fc9       data     extern E:\c18v3.46\pic18-lt\cxx-framework\src\traditional\proc\p18f46k22.asm
              SSP1BUFbits   0x000fc9       data     extern E:\c18v3.46\pic18-lt\cxx-framework\src\traditional\proc\p18f46k22.asm
                  SSP1BUF   0x000fc9       data     extern E:\c18v3.46\pic18-lt\cxx-framework\src\traditional\proc\p18f46k22.asm
              SSP1MSKbits   0x000fca       data     extern E:\c18v3.46\pic18-lt\cxx-framework\src\traditional\proc\p18f46k22.asm
                   SSPMSK   0x000fca       data     extern E:\c18v3.46\pic18-lt\cxx-framework\src\traditional\proc\p18f46k22.asm
               SSPMSKbits   0x000fca       data     extern E:\c18v3.46\pic18-lt\cxx-framework\src\traditional\proc\p18f46k22.asm
                  SSP1MSK   0x000fca       data     extern E:\c18v3.46\pic18-lt\cxx-framework\src\traditional\proc\p18f46k22.asm
                  SSPCON3   0x000fcb       data     extern E:\c18v3.46\pic18-lt\cxx-framework\src\traditional\proc\p18f46k22.asm
              SSPCON3bits   0x000fcb       data     extern E:\c18v3.46\pic18-lt\cxx-framework\src\traditional\proc\p18f46k22.asm
                 SSP1CON3   0x000fcb       data     extern E:\c18v3.46\pic18-lt\cxx-framework\src\traditional\proc\p18f46k22.asm
             SSP1CON3bits   0x000fcb       data     extern E:\c18v3.46\pic18-lt\cxx-framework\src\traditional\proc\p18f46k22.asm
                   T1GCON   0x000fcc       data     extern E:\c18v3.46\pic18-lt\cxx-framework\src\traditional\proc\p18f46k22.asm
               T1GCONbits   0x000fcc       data     extern E:\c18v3.46\pic18-lt\cxx-framework\src\traditional\proc\p18f46k22.asm
                    T1CON   0x000fcd       data     extern E:\c18v3.46\pic18-lt\cxx-framework\src\traditional\proc\p18f46k22.asm
                T1CONbits   0x000fcd       data     extern E:\c18v3.46\pic18-lt\cxx-framework\src\traditional\proc\p18f46k22.asm
                    TMR1L   0x000fce       data     extern E:\c18v3.46\pic18-lt\cxx-framework\src\traditional\proc\p18f46k22.asm
                    TMR1H   0x000fcf       data     extern E:\c18v3.46\pic18-lt\cxx-framework\src\traditional\proc\p18f46k22.asm
                 RCONbits   0x000fd0       data     extern E:\c18v3.46\pic18-lt\cxx-framework\src\traditional\proc\p18f46k22.asm
                     RCON   0x000fd0       data     extern E:\c18v3.46\pic18-lt\cxx-framework\src\traditional\proc\p18f46k22.asm
               WDTCONbits   0x000fd1       data     extern E:\c18v3.46\pic18-lt\cxx-framework\src\traditional\proc\p18f46k22.asm
                   WDTCON   0x000fd1       data     extern E:\c18v3.46\pic18-lt\cxx-framework\src\traditional\proc\p18f46k22.asm
              OSCCON2bits   0x000fd2       data     extern E:\c18v3.46\pic18-lt\cxx-framework\src\traditional\proc\p18f46k22.asm
                  OSCCON2   0x000fd2       data     extern E:\c18v3.46\pic18-lt\cxx-framework\src\traditional\proc\p18f46k22.asm
               OSCCONbits   0x000fd3       data     extern E:\c18v3.46\pic18-lt\cxx-framework\src\traditional\proc\p18f46k22.asm
                   OSCCON   0x000fd3       data     extern E:\c18v3.46\pic18-lt\cxx-framework\src\traditional\proc\p18f46k22.asm
                T0CONbits   0x000fd5       data     extern E:\c18v3.46\pic18-lt\cxx-framework\src\traditional\proc\p18f46k22.asm
                    T0CON   0x000fd5       data     extern E:\c18v3.46\pic18-lt\cxx-framework\src\traditional\proc\p18f46k22.asm
                    TMR0L   0x000fd6       data     extern E:\c18v3.46\pic18-lt\cxx-framework\src\traditional\proc\p18f46k22.asm
                    TMR0H   0x000fd7       data     extern E:\c18v3.46\pic18-lt\cxx-framework\src\traditional\proc\p18f46k22.asm
                   STATUS   0x000fd8       data     extern E:\c18v3.46\pic18-lt\cxx-framework\src\traditional\proc\p18f46k22.asm
               STATUSbits   0x000fd8       data     extern E:\c18v3.46\pic18-lt\cxx-framework\src\traditional\proc\p18f46k22.asm
                     FSR2   0x000fd9       data     extern E:\c18v3.46\pic18-lt\cxx-framework\src\traditional\proc\p18f46k22.asm
                    FSR2L   0x000fd9       data     extern E:\c18v3.46\pic18-lt\cxx-framework\src\traditional\proc\p18f46k22.asm
                    FSR2H   0x000fda       data     extern E:\c18v3.46\pic18-lt\cxx-framework\src\traditional\proc\p18f46k22.asm
                   PLUSW2   0x000fdb       data     extern E:\c18v3.46\pic18-lt\cxx-framework\src\traditional\proc\p18f46k22.asm
                  PREINC2   0x000fdc       data     extern E:\c18v3.46\pic18-lt\cxx-framework\src\traditional\proc\p18f46k22.asm
                 POSTDEC2   0x000fdd       data     extern E:\c18v3.46\pic18-lt\cxx-framework\src\traditional\proc\p18f46k22.asm
                 POSTINC2   0x000fde       data     extern E:\c18v3.46\pic18-lt\cxx-framework\src\traditional\proc\p18f46k22.asm
                    INDF2   0x000fdf       data     extern E:\c18v3.46\pic18-lt\cxx-framework\src\traditional\proc\p18f46k22.asm
                      BSR   0x000fe0       data     extern E:\c18v3.46\pic18-lt\cxx-framework\src\traditional\proc\p18f46k22.asm
                     FSR1   0x000fe1       data     extern E:\c18v3.46\pic18-lt\cxx-framework\src\traditional\proc\p18f46k22.asm
                    FSR1L   0x000fe1       data     extern E:\c18v3.46\pic18-lt\cxx-framework\src\traditional\proc\p18f46k22.asm
                    FSR1H   0x000fe2       data     extern E:\c18v3.46\pic18-lt\cxx-framework\src\traditional\proc\p18f46k22.asm
                   PLUSW1   0x000fe3       data     extern E:\c18v3.46\pic18-lt\cxx-framework\src\traditional\proc\p18f46k22.asm
                  PREINC1   0x000fe4       data     extern E:\c18v3.46\pic18-lt\cxx-framework\src\traditional\proc\p18f46k22.asm
                 POSTDEC1   0x000fe5       data     extern E:\c18v3.46\pic18-lt\cxx-framework\src\traditional\proc\p18f46k22.asm
                 POSTINC1   0x000fe6       data     extern E:\c18v3.46\pic18-lt\cxx-framework\src\traditional\proc\p18f46k22.asm
                    INDF1   0x000fe7       data     extern E:\c18v3.46\pic18-lt\cxx-framework\src\traditional\proc\p18f46k22.asm
                     WREG   0x000fe8       data     extern E:\c18v3.46\pic18-lt\cxx-framework\src\traditional\proc\p18f46k22.asm
                        W   0x000fe8       data     extern E:\c18v3.46\pic18-lt\cxx-framework\src\traditional\proc\p18f46k22.asm
                    FSR0L   0x000fe9       data     extern E:\c18v3.46\pic18-lt\cxx-framework\src\traditional\proc\p18f46k22.asm
                     FSR0   0x000fe9       data     extern E:\c18v3.46\pic18-lt\cxx-framework\src\traditional\proc\p18f46k22.asm
                    FSR0H   0x000fea       data     extern E:\c18v3.46\pic18-lt\cxx-framework\src\traditional\proc\p18f46k22.asm
                   PLUSW0   0x000feb       data     extern E:\c18v3.46\pic18-lt\cxx-framework\src\traditional\proc\p18f46k22.asm
                  PREINC0   0x000fec       data     extern E:\c18v3.46\pic18-lt\cxx-framework\src\traditional\proc\p18f46k22.asm
                 POSTDEC0   0x000fed       data     extern E:\c18v3.46\pic18-lt\cxx-framework\src\traditional\proc\p18f46k22.asm
                 POSTINC0   0x000fee       data     extern E:\c18v3.46\pic18-lt\cxx-framework\src\traditional\proc\p18f46k22.asm
                    INDF0   0x000fef       data     extern E:\c18v3.46\pic18-lt\cxx-framework\src\traditional\proc\p18f46k22.asm
              INTCON3bits   0x000ff0       data     extern E:\c18v3.46\pic18-lt\cxx-framework\src\traditional\proc\p18f46k22.asm
                  INTCON3   0x000ff0       data     extern E:\c18v3.46\pic18-lt\cxx-framework\src\traditional\proc\p18f46k22.asm
              INTCON2bits   0x000ff1       data     extern E:\c18v3.46\pic18-lt\cxx-framework\src\traditional\proc\p18f46k22.asm
                  INTCON2   0x000ff1       data     extern E:\c18v3.46\pic18-lt\cxx-framework\src\traditional\proc\p18f46k22.asm
               INTCONbits   0x000ff2       data     extern E:\c18v3.46\pic18-lt\cxx-framework\src\traditional\proc\p18f46k22.asm
                   INTCON   0x000ff2       data     extern E:\c18v3.46\pic18-lt\cxx-framework\src\traditional\proc\p18f46k22.asm
                     PROD   0x000ff3       data     extern E:\c18v3.46\pic18-lt\cxx-framework\src\traditional\proc\p18f46k22.asm
                    PRODL   0x000ff3       data     extern E:\c18v3.46\pic18-lt\cxx-framework\src\traditional\proc\p18f46k22.asm
                    PRODH   0x000ff4       data     extern E:\c18v3.46\pic18-lt\cxx-framework\src\traditional\proc\p18f46k22.asm
                   TABLAT   0x000ff5       data     extern E:\c18v3.46\pic18-lt\cxx-framework\src\traditional\proc\p18f46k22.asm
                  TBLPTRL   0x000ff6       data     extern E:\c18v3.46\pic18-lt\cxx-framework\src\traditional\proc\p18f46k22.asm
                   TBLPTR   0x000ff6       data     extern E:\c18v3.46\pic18-lt\cxx-framework\src\traditional\proc\p18f46k22.asm
                  TBLPTRH   0x000ff7       data     extern E:\c18v3.46\pic18-lt\cxx-framework\src\traditional\proc\p18f46k22.asm
              TBLPTRUbits   0x000ff8       data     extern E:\c18v3.46\pic18-lt\cxx-framework\src\traditional\proc\p18f46k22.asm
                  TBLPTRU   0x000ff8       data     extern E:\c18v3.46\pic18-lt\cxx-framework\src\traditional\proc\p18f46k22.asm
                       PC   0x000ff9       data     extern E:\c18v3.46\pic18-lt\cxx-framework\src\traditional\proc\p18f46k22.asm
                      PCL   0x000ff9       data     extern E:\c18v3.46\pic18-lt\cxx-framework\src\traditional\proc\p18f46k22.asm
                   PCLATH   0x000ffa       data     extern E:\c18v3.46\pic18-lt\cxx-framework\src\traditional\proc\p18f46k22.asm
                   PCLATU   0x000ffb       data     extern E:\c18v3.46\pic18-lt\cxx-framework\src\traditional\proc\p18f46k22.asm
               STKPTRbits   0x000ffc       data     extern E:\c18v3.46\pic18-lt\cxx-framework\src\traditional\proc\p18f46k22.asm
                   STKPTR   0x000ffc       data     extern E:\c18v3.46\pic18-lt\cxx-framework\src\traditional\proc\p18f46k22.asm
                     TOSL   0x000ffd       data     extern E:\c18v3.46\pic18-lt\cxx-framework\src\traditional\proc\p18f46k22.asm
                      TOS   0x000ffd       data     extern E:\c18v3.46\pic18-lt\cxx-framework\src\traditional\proc\p18f46k22.asm
                     TOSH   0x000ffe       data     extern E:\c18v3.46\pic18-lt\cxx-framework\src\traditional\proc\p18f46k22.asm
                     TOSU   0x000fff       data     extern E:\c18v3.46\pic18-lt\cxx-framework\src\traditional\proc\p18f46k22.asm


